Archive member included to satisfy reference by file (symbol)

/usr/lib/gcc/arm-none-eabi/10.3.1/../../../arm-none-eabi/lib/thumb/v7e-m+fp/hard/libc_nano.a(lib_a-atexit.o)
                              /usr/lib/gcc/arm-none-eabi/10.3.1/../../../arm-none-eabi/lib/thumb/v7e-m+fp/hard/crt0.o (atexit)
/usr/lib/gcc/arm-none-eabi/10.3.1/../../../arm-none-eabi/lib/thumb/v7e-m+fp/hard/libc_nano.a(lib_a-exit.o)
                              /usr/lib/gcc/arm-none-eabi/10.3.1/../../../arm-none-eabi/lib/thumb/v7e-m+fp/hard/crt0.o (exit)
/usr/lib/gcc/arm-none-eabi/10.3.1/../../../arm-none-eabi/lib/thumb/v7e-m+fp/hard/libc_nano.a(lib_a-fini.o)
                              /usr/lib/gcc/arm-none-eabi/10.3.1/../../../arm-none-eabi/lib/thumb/v7e-m+fp/hard/crt0.o (__libc_fini_array)
/usr/lib/gcc/arm-none-eabi/10.3.1/../../../arm-none-eabi/lib/thumb/v7e-m+fp/hard/libc_nano.a(lib_a-impure.o)
                              /usr/lib/gcc/arm-none-eabi/10.3.1/../../../arm-none-eabi/lib/thumb/v7e-m+fp/hard/libc_nano.a(lib_a-exit.o) (_global_impure_ptr)
/usr/lib/gcc/arm-none-eabi/10.3.1/../../../arm-none-eabi/lib/thumb/v7e-m+fp/hard/libc_nano.a(lib_a-init.o)
                              /usr/lib/gcc/arm-none-eabi/10.3.1/../../../arm-none-eabi/lib/thumb/v7e-m+fp/hard/crt0.o (__libc_init_array)
/usr/lib/gcc/arm-none-eabi/10.3.1/../../../arm-none-eabi/lib/thumb/v7e-m+fp/hard/libc_nano.a(lib_a-memset.o)
                              /usr/lib/gcc/arm-none-eabi/10.3.1/../../../arm-none-eabi/lib/thumb/v7e-m+fp/hard/crt0.o (memset)
/usr/lib/gcc/arm-none-eabi/10.3.1/../../../arm-none-eabi/lib/thumb/v7e-m+fp/hard/libc_nano.a(lib_a-__atexit.o)
                              /usr/lib/gcc/arm-none-eabi/10.3.1/../../../arm-none-eabi/lib/thumb/v7e-m+fp/hard/libc_nano.a(lib_a-atexit.o) (__register_exitproc)
/usr/lib/gcc/arm-none-eabi/10.3.1/../../../arm-none-eabi/lib/thumb/v7e-m+fp/hard/libc_nano.a(lib_a-__call_atexit.o)
                              /usr/lib/gcc/arm-none-eabi/10.3.1/../../../arm-none-eabi/lib/thumb/v7e-m+fp/hard/libc_nano.a(lib_a-__atexit.o) (__call_exitprocs)
/usr/lib/gcc/arm-none-eabi/10.3.1/../../../arm-none-eabi/lib/thumb/v7e-m+fp/hard/libnosys.a(_exit.o)
                              /usr/lib/gcc/arm-none-eabi/10.3.1/../../../arm-none-eabi/lib/thumb/v7e-m+fp/hard/libc_nano.a(lib_a-exit.o) (_exit)
/usr/lib/gcc/arm-none-eabi/10.3.1/thumb/v7e-m+fp/hard/libgcc.a(_aeabi_uldivmod.o)
                              build/stm32f4xx_hal_rcc.o (__aeabi_uldivmod)
/usr/lib/gcc/arm-none-eabi/10.3.1/thumb/v7e-m+fp/hard/libgcc.a(_udivmoddi4.o)
                              /usr/lib/gcc/arm-none-eabi/10.3.1/thumb/v7e-m+fp/hard/libgcc.a(_aeabi_uldivmod.o) (__udivmoddi4)
/usr/lib/gcc/arm-none-eabi/10.3.1/thumb/v7e-m+fp/hard/libgcc.a(_dvmd_tls.o)
                              /usr/lib/gcc/arm-none-eabi/10.3.1/thumb/v7e-m+fp/hard/libgcc.a(_aeabi_uldivmod.o) (__aeabi_ldiv0)

Discarded input sections

 .text          0x0000000000000000        0x0 /usr/lib/gcc/arm-none-eabi/10.3.1/thumb/v7e-m+fp/hard/crti.o
 .data          0x0000000000000000        0x0 /usr/lib/gcc/arm-none-eabi/10.3.1/thumb/v7e-m+fp/hard/crti.o
 .bss           0x0000000000000000        0x0 /usr/lib/gcc/arm-none-eabi/10.3.1/thumb/v7e-m+fp/hard/crti.o
 .data          0x0000000000000000        0x4 /usr/lib/gcc/arm-none-eabi/10.3.1/thumb/v7e-m+fp/hard/crtbegin.o
 .rodata        0x0000000000000000       0x24 /usr/lib/gcc/arm-none-eabi/10.3.1/thumb/v7e-m+fp/hard/crtbegin.o
 .text          0x0000000000000000       0x70 /usr/lib/gcc/arm-none-eabi/10.3.1/../../../arm-none-eabi/lib/thumb/v7e-m+fp/hard/crt0.o
 .data          0x0000000000000000        0x0 /usr/lib/gcc/arm-none-eabi/10.3.1/../../../arm-none-eabi/lib/thumb/v7e-m+fp/hard/crt0.o
 .bss           0x0000000000000000        0x0 /usr/lib/gcc/arm-none-eabi/10.3.1/../../../arm-none-eabi/lib/thumb/v7e-m+fp/hard/crt0.o
 .ARM.extab     0x0000000000000000        0x0 /usr/lib/gcc/arm-none-eabi/10.3.1/../../../arm-none-eabi/lib/thumb/v7e-m+fp/hard/crt0.o
 .ARM.exidx     0x0000000000000000       0x10 /usr/lib/gcc/arm-none-eabi/10.3.1/../../../arm-none-eabi/lib/thumb/v7e-m+fp/hard/crt0.o
 .debug_line    0x0000000000000000       0x87 /usr/lib/gcc/arm-none-eabi/10.3.1/../../../arm-none-eabi/lib/thumb/v7e-m+fp/hard/crt0.o
 .debug_info    0x0000000000000000       0x26 /usr/lib/gcc/arm-none-eabi/10.3.1/../../../arm-none-eabi/lib/thumb/v7e-m+fp/hard/crt0.o
 .debug_abbrev  0x0000000000000000       0x14 /usr/lib/gcc/arm-none-eabi/10.3.1/../../../arm-none-eabi/lib/thumb/v7e-m+fp/hard/crt0.o
 .debug_aranges
                0x0000000000000000       0x20 /usr/lib/gcc/arm-none-eabi/10.3.1/../../../arm-none-eabi/lib/thumb/v7e-m+fp/hard/crt0.o
 .debug_str     0x0000000000000000       0x98 /usr/lib/gcc/arm-none-eabi/10.3.1/../../../arm-none-eabi/lib/thumb/v7e-m+fp/hard/crt0.o
 .ARM.attributes
                0x0000000000000000       0x1c /usr/lib/gcc/arm-none-eabi/10.3.1/../../../arm-none-eabi/lib/thumb/v7e-m+fp/hard/crt0.o
[...]
Memory Configuration

Name             Origin             Length             Attributes
RAM              0x0000000020000000 0x0000000000020000 xrw
FLASH            0x0000000008000000 0x0000000000080000 xr
*default*        0x0000000000000000 0xffffffffffffffff

Linker script and memory map

LOAD /usr/lib/gcc/arm-none-eabi/10.3.1/thumb/v7e-m+fp/hard/crti.o
LOAD /usr/lib/gcc/arm-none-eabi/10.3.1/thumb/v7e-m+fp/hard/crtbegin.o
LOAD /usr/lib/gcc/arm-none-eabi/10.3.1/../../../arm-none-eabi/lib/thumb/v7e-m+fp/hard/crt0.o
LOAD build/main.o
LOAD build/stm32f4xx_it.o
LOAD build/stm32f4xx_hal_msp.o
LOAD build/keymatrix.o
LOAD build/stm32f4xx_hal_tim.o
LOAD build/stm32f4xx_hal_tim_ex.o
LOAD build/stm32f4xx_hal_rcc.o
LOAD build/stm32f4xx_hal_rcc_ex.o
LOAD build/stm32f4xx_hal_flash.o
LOAD build/stm32f4xx_hal_flash_ex.o
LOAD build/stm32f4xx_hal_flash_ramfunc.o
LOAD build/stm32f4xx_hal_gpio.o
LOAD build/stm32f4xx_hal_dma_ex.o
LOAD build/stm32f4xx_hal_dma.o
LOAD build/stm32f4xx_hal_pwr.o
LOAD build/stm32f4xx_hal_pwr_ex.o
LOAD build/stm32f4xx_hal_cortex.o
LOAD build/stm32f4xx_hal.o
LOAD build/stm32f4xx_hal_exti.o
LOAD build/system_stm32f4xx.o
LOAD build/usb_device.o
LOAD build/usbd_desc.o
LOAD build/usbd_conf.o
LOAD build/stm32f4xx_hal_pcd.o
LOAD build/stm32f4xx_hal_pcd_ex.o
LOAD build/stm32f4xx_ll_usb.o
LOAD build/usbd_core.o
LOAD build/usbd_ctlreq.o
LOAD build/usbd_ioreq.o
LOAD build/usbd_hid.o
LOAD build/startup_stm32f411xe.o
LOAD /usr/lib/gcc/arm-none-eabi/10.3.1/../../../arm-none-eabi/lib/thumb/v7e-m+fp/hard/libc_nano.a
LOAD /usr/lib/gcc/arm-none-eabi/10.3.1/../../../arm-none-eabi/lib/thumb/v7e-m+fp/hard/libm.a
LOAD /usr/lib/gcc/arm-none-eabi/10.3.1/../../../arm-none-eabi/lib/thumb/v7e-m+fp/hard/libnosys.a
START GROUP
LOAD /usr/lib/gcc/arm-none-eabi/10.3.1/thumb/v7e-m+fp/hard/libgcc.a
LOAD /usr/lib/gcc/arm-none-eabi/10.3.1/../../../arm-none-eabi/lib/thumb/v7e-m+fp/hard/libc_nano.a
END GROUP
START GROUP
LOAD /usr/lib/gcc/arm-none-eabi/10.3.1/thumb/v7e-m+fp/hard/libgcc.a
LOAD /usr/lib/gcc/arm-none-eabi/10.3.1/../../../arm-none-eabi/lib/thumb/v7e-m+fp/hard/libc_nano.a
END GROUP
LOAD /usr/lib/gcc/arm-none-eabi/10.3.1/thumb/v7e-m+fp/hard/crtend.o
LOAD /usr/lib/gcc/arm-none-eabi/10.3.1/thumb/v7e-m+fp/hard/crtn.o
                0x0000000020020000                _estack = (ORIGIN (RAM) + LENGTH (RAM))
                0x0000000000000200                _Min_Heap_Size = 0x200
                0x0000000000000400                _Min_Stack_Size = 0x400

.isr_vector     0x0000000008000000      0x198
                0x0000000008000000                . = ALIGN (0x4)
 *(.isr_vector)
 .isr_vector    0x0000000008000000      0x198 build/startup_stm32f411xe.o
                0x0000000008000000                g_pfnVectors
                0x0000000008000198                . = ALIGN (0x4)

.text           0x0000000008000198     0x3c9c
                0x0000000008000198                . = ALIGN (0x4)
 *(.text)
 .text          0x0000000008000198       0x88 /usr/lib/gcc/arm-none-eabi/10.3.1/thumb/v7e-m+fp/hard/crtbegin.o
 .text          0x0000000008000220       0x48 /usr/lib/gcc/arm-none-eabi/10.3.1/../../../arm-none-eabi/lib/thumb/v7e-m+fp/hard/libc_nano.a(lib_a-init.o)
                0x0000000008000220                __libc_init_array
 .text          0x0000000008000268       0xa4 /usr/lib/gcc/arm-none-eabi/10.3.1/../../../arm-none-eabi/lib/thumb/v7e-m+fp/hard/libc_nano.a(lib_a-memset.o)
                0x0000000008000268                memset
 .text          0x000000000800030c       0x30 /usr/lib/gcc/arm-none-eabi/10.3.1/thumb/v7e-m+fp/hard/libgcc.a(_aeabi_uldivmod.o)
                0x000000000800030c                __aeabi_uldivmod
 .text          0x000000000800033c      0x2d0 /usr/lib/gcc/arm-none-eabi/10.3.1/thumb/v7e-m+fp/hard/libgcc.a(_udivmoddi4.o)
                0x000000000800033c                __udivmoddi4
 .text          0x000000000800060c        0x4 /usr/lib/gcc/arm-none-eabi/10.3.1/thumb/v7e-m+fp/hard/libgcc.a(_dvmd_tls.o)
                0x000000000800060c                __aeabi_ldiv0
                0x000000000800060c                __aeabi_idiv0
 *(.text*)
 .text.MX_GPIO_Init
                0x0000000008000610       0xcc build/main.o
 .text.Error_Handler
                0x00000000080006dc        0x4 build/main.o
                0x00000000080006dc                Error_Handler
 .text.SystemClock_Config
                0x00000000080006e0       0xa4 build/main.o
                0x00000000080006e0                SystemClock_Config
 .text.main     0x0000000008000784       0x88 build/main.o
                0x0000000008000784                main
 .text.NMI_Handler
                0x000000000800080c        0x2 build/stm32f4xx_it.o
                0x000000000800080c                NMI_Handler
 .text.HardFault_Handler
                0x000000000800080e        0x2 build/stm32f4xx_it.o
                0x000000000800080e                HardFault_Handler
 .text.MemManage_Handler
                0x0000000008000810        0x2 build/stm32f4xx_it.o
                0x0000000008000810                MemManage_Handler
 .text.BusFault_Handler
                0x0000000008000812        0x2 build/stm32f4xx_it.o
                0x0000000008000812                BusFault_Handler
 .text.UsageFault_Handler
                0x0000000008000814        0x2 build/stm32f4xx_it.o
                0x0000000008000814                UsageFault_Handler
 .text.SVC_Handler
                0x0000000008000816        0x2 build/stm32f4xx_it.o
                0x0000000008000816                SVC_Handler
 .text.DebugMon_Handler
                0x0000000008000818        0x2 build/stm32f4xx_it.o
                0x0000000008000818                DebugMon_Handler
 .text.PendSV_Handler
                0x000000000800081a        0x2 build/stm32f4xx_it.o
                0x000000000800081a                PendSV_Handler
 .text.SysTick_Handler
                0x000000000800081c        0x8 build/stm32f4xx_it.o
                0x000000000800081c                SysTick_Handler
 .text.OTG_FS_IRQHandler
                0x0000000008000824       0x10 build/stm32f4xx_it.o
                0x0000000008000824                OTG_FS_IRQHandler
 .text.HAL_MspInit
                0x0000000008000834       0x38 build/stm32f4xx_hal_msp.o
                0x0000000008000834                HAL_MspInit
 .text.keymatrix_is_key_pressed
                0x000000000800086c       0x38 build/keymatrix.o
 .text.keymatrix_pull_col
                0x00000000080008a4       0x3c build/keymatrix.o
 .text.keymatrix_send_key
                0x00000000080008e0       0x34 build/keymatrix.o
                0x00000000080008e0                keymatrix_send_key
 .text.keymatrix_scan
                0x0000000008000914       0x72 build/keymatrix.o
                0x0000000008000914                keymatrix_scan
 *fill*         0x0000000008000986        0x2 
 .text.keymatrix_init
                0x0000000008000988       0x6c build/keymatrix.o
                0x0000000008000988                keymatrix_init
 .text.HAL_RCC_OscConfig
                0x00000000080009f4      0x3f8 build/stm32f4xx_hal_rcc.o
                0x00000000080009f4                HAL_RCC_OscConfig
 .text.HAL_RCC_GetSysClockFreq
                0x0000000008000dec       0xd4 build/stm32f4xx_hal_rcc.o
                0x0000000008000dec                HAL_RCC_GetSysClockFreq
 .text.HAL_RCC_ClockConfig
                0x0000000008000ec0      0x160 build/stm32f4xx_hal_rcc.o
                0x0000000008000ec0                HAL_RCC_ClockConfig
 .text.HAL_RCC_GetHCLKFreq
                0x0000000008001020        0xc build/stm32f4xx_hal_rcc.o
                0x0000000008001020                HAL_RCC_GetHCLKFreq
 .text.HAL_GPIO_Init
                0x000000000800102c      0x1c0 build/stm32f4xx_hal_gpio.o
                0x000000000800102c                HAL_GPIO_Init
 .text.HAL_GPIO_ReadPin
                0x00000000080011ec        0xe build/stm32f4xx_hal_gpio.o
                0x00000000080011ec                HAL_GPIO_ReadPin
 .text.HAL_GPIO_WritePin
                0x00000000080011fa        0xc build/stm32f4xx_hal_gpio.o
                0x00000000080011fa                HAL_GPIO_WritePin
 *fill*         0x0000000008001206        0x2 
 .text.HAL_NVIC_SetPriorityGrouping
                0x0000000008001208       0x24 build/stm32f4xx_hal_cortex.o
                0x0000000008001208                HAL_NVIC_SetPriorityGrouping
 .text.HAL_NVIC_SetPriority
                0x000000000800122c       0x70 build/stm32f4xx_hal_cortex.o
                0x000000000800122c                HAL_NVIC_SetPriority
 .text.HAL_NVIC_EnableIRQ
                0x000000000800129c       0x1c build/stm32f4xx_hal_cortex.o
                0x000000000800129c                HAL_NVIC_EnableIRQ
 .text.HAL_SYSTICK_Config
                0x00000000080012b8       0x28 build/stm32f4xx_hal_cortex.o
                0x00000000080012b8                HAL_SYSTICK_Config
 .text.HAL_InitTick
                0x00000000080012e0       0x4c build/stm32f4xx_hal.o
                0x00000000080012e0                HAL_InitTick
 .text.HAL_Init
                0x000000000800132c       0x34 build/stm32f4xx_hal.o
                0x000000000800132c                HAL_Init
 .text.HAL_IncTick
                0x0000000008001360       0x18 build/stm32f4xx_hal.o
                0x0000000008001360                HAL_IncTick
 .text.HAL_GetTick
                0x0000000008001378        0xc build/stm32f4xx_hal.o
                0x0000000008001378                HAL_GetTick
 .text.HAL_Delay
                0x0000000008001384       0x28 build/stm32f4xx_hal.o
                0x0000000008001384                HAL_Delay
 .text.SystemInit
                0x00000000080013ac       0x14 build/system_stm32f4xx.o
                0x00000000080013ac                SystemInit
 .text.MX_USB_DEVICE_Init
                0x00000000080013c0       0x40 build/usb_device.o
                0x00000000080013c0                MX_USB_DEVICE_Init
 .text.USBD_FS_DeviceDescriptor
                0x0000000008001400        0xc build/usbd_desc.o
                0x0000000008001400                USBD_FS_DeviceDescriptor
 .text.USBD_FS_LangIDStrDescriptor
                0x000000000800140c        0xc build/usbd_desc.o
                0x000000000800140c                USBD_FS_LangIDStrDescriptor
 .text.IntToUnicode
                0x0000000008001418       0x46 build/usbd_desc.o
 *fill*         0x000000000800145e        0x2 
 .text.Get_SerialNum
                0x0000000008001460       0x38 build/usbd_desc.o
 .text.USBD_FS_SerialStrDescriptor
                0x0000000008001498       0x14 build/usbd_desc.o
                0x0000000008001498                USBD_FS_SerialStrDescriptor
 .text.USBD_FS_ProductStrDescriptor
                0x00000000080014ac       0x24 build/usbd_desc.o
                0x00000000080014ac                USBD_FS_ProductStrDescriptor
 .text.USBD_FS_ManufacturerStrDescriptor
                0x00000000080014d0       0x1c build/usbd_desc.o
                0x00000000080014d0                USBD_FS_ManufacturerStrDescriptor
 .text.USBD_FS_ConfigStrDescriptor
                0x00000000080014ec       0x24 build/usbd_desc.o
                0x00000000080014ec                USBD_FS_ConfigStrDescriptor
 .text.USBD_FS_InterfaceStrDescriptor
                0x0000000008001510       0x24 build/usbd_desc.o
                0x0000000008001510                USBD_FS_InterfaceStrDescriptor
 .text.HAL_PCD_MspInit
                0x0000000008001534       0x84 build/usbd_conf.o
                0x0000000008001534                HAL_PCD_MspInit
 .text.HAL_PCD_SetupStageCallback
                0x00000000080015b8       0x10 build/usbd_conf.o
                0x00000000080015b8                HAL_PCD_SetupStageCallback
 .text.HAL_PCD_DataOutStageCallback
                0x00000000080015c8       0x18 build/usbd_conf.o
                0x00000000080015c8                HAL_PCD_DataOutStageCallback
 .text.HAL_PCD_DataInStageCallback
                0x00000000080015e0       0x16 build/usbd_conf.o
                0x00000000080015e0                HAL_PCD_DataInStageCallback
 .text.HAL_PCD_SOFCallback
                0x00000000080015f6        0xc build/usbd_conf.o
                0x00000000080015f6                HAL_PCD_SOFCallback
 .text.HAL_PCD_ResetCallback
                0x0000000008001602       0x24 build/usbd_conf.o
                0x0000000008001602                HAL_PCD_ResetCallback
 *fill*         0x0000000008001626        0x2 
 .text.HAL_PCD_SuspendCallback
                0x0000000008001628       0x30 build/usbd_conf.o
                0x0000000008001628                HAL_PCD_SuspendCallback
 .text.HAL_PCD_ResumeCallback
                0x0000000008001658        0xc build/usbd_conf.o
                0x0000000008001658                HAL_PCD_ResumeCallback
 .text.HAL_PCD_ISOOUTIncompleteCallback
                0x0000000008001664        0xc build/usbd_conf.o
                0x0000000008001664                HAL_PCD_ISOOUTIncompleteCallback
 .text.HAL_PCD_ISOINIncompleteCallback
                0x0000000008001670        0xc build/usbd_conf.o
                0x0000000008001670                HAL_PCD_ISOINIncompleteCallback
 .text.HAL_PCD_ConnectCallback
                0x000000000800167c        0xc build/usbd_conf.o
                0x000000000800167c                HAL_PCD_ConnectCallback
 .text.HAL_PCD_DisconnectCallback
                0x0000000008001688        0xc build/usbd_conf.o
                0x0000000008001688                HAL_PCD_DisconnectCallback
 .text.USBD_LL_Init
                0x0000000008001694       0x68 build/usbd_conf.o
                0x0000000008001694                USBD_LL_Init
 .text.USBD_LL_IsStallEP
                0x00000000080016fc       0x2c build/usbd_conf.o
                0x00000000080016fc                USBD_LL_IsStallEP
 .text.USBD_static_malloc
                0x0000000008001728        0x8 build/usbd_conf.o
                0x0000000008001728                USBD_static_malloc
 .text.USBD_static_free
                0x0000000008001730        0x2 build/usbd_conf.o
                0x0000000008001730                USBD_static_free
 .text.USBD_Get_USB_Status
                0x0000000008001732       0x14 build/usbd_conf.o
                0x0000000008001732                USBD_Get_USB_Status
 .text.USBD_LL_Start
                0x0000000008001746       0x10 build/usbd_conf.o
                0x0000000008001746                USBD_LL_Start
 .text.USBD_LL_OpenEP
                0x0000000008001756       0x16 build/usbd_conf.o
                0x0000000008001756                USBD_LL_OpenEP
 .text.USBD_LL_CloseEP
                0x000000000800176c       0x10 build/usbd_conf.o
                0x000000000800176c                USBD_LL_CloseEP
 .text.USBD_LL_StallEP
                0x000000000800177c       0x10 build/usbd_conf.o
                0x000000000800177c                USBD_LL_StallEP
 .text.USBD_LL_ClearStallEP
                0x000000000800178c       0x10 build/usbd_conf.o
                0x000000000800178c                USBD_LL_ClearStallEP
 .text.USBD_LL_SetUSBAddress
                0x000000000800179c       0x10 build/usbd_conf.o
                0x000000000800179c                USBD_LL_SetUSBAddress
 .text.USBD_LL_Transmit
                0x00000000080017ac       0x10 build/usbd_conf.o
                0x00000000080017ac                USBD_LL_Transmit
 .text.USBD_LL_PrepareReceive
                0x00000000080017bc       0x10 build/usbd_conf.o
                0x00000000080017bc                USBD_LL_PrepareReceive
 .text.PCD_WriteEmptyTxFifo
                0x00000000080017cc       0xd0 build/stm32f4xx_hal_pcd.o
 .text.HAL_PCD_Init
                0x000000000800189c      0x102 build/stm32f4xx_hal_pcd.o
                0x000000000800189c                HAL_PCD_Init
 .text.HAL_PCD_Start
                0x000000000800199e       0x44 build/stm32f4xx_hal_pcd.o
                0x000000000800199e                HAL_PCD_Start
 *fill*         0x00000000080019e2        0x2 
 .text.PCD_EP_OutXfrComplete_int
                0x00000000080019e4      0x104 build/stm32f4xx_hal_pcd.o
 .text.PCD_EP_OutSetupPacket_int
                0x0000000008001ae8       0x50 build/stm32f4xx_hal_pcd.o
 .text.HAL_PCD_SetAddress
                0x0000000008001b38       0x26 build/stm32f4xx_hal_pcd.o
                0x0000000008001b38                HAL_PCD_SetAddress
 .text.HAL_PCD_EP_Open
                0x0000000008001b5e       0x88 build/stm32f4xx_hal_pcd.o
                0x0000000008001b5e                HAL_PCD_EP_Open
 .text.HAL_PCD_EP_Close
                0x0000000008001be6       0x70 build/stm32f4xx_hal_pcd.o
                0x0000000008001be6                HAL_PCD_EP_Close
 .text.HAL_PCD_EP_Receive
                0x0000000008001c56       0x4a build/stm32f4xx_hal_pcd.o
                0x0000000008001c56                HAL_PCD_EP_Receive
 .text.HAL_PCD_EP_Transmit
                0x0000000008001ca0       0x4a build/stm32f4xx_hal_pcd.o
                0x0000000008001ca0                HAL_PCD_EP_Transmit
 .text.HAL_PCD_EP_SetStall
                0x0000000008001cea       0x86 build/stm32f4xx_hal_pcd.o
                0x0000000008001cea                HAL_PCD_EP_SetStall
 .text.HAL_PCD_EP_ClrStall
                0x0000000008001d70       0x74 build/stm32f4xx_hal_pcd.o
                0x0000000008001d70                HAL_PCD_EP_ClrStall
 .text.HAL_PCD_EP_Abort
                0x0000000008001de4       0x34 build/stm32f4xx_hal_pcd.o
                0x0000000008001de4                HAL_PCD_EP_Abort
 .text.HAL_PCD_IRQHandler
                0x0000000008001e18      0x5bc build/stm32f4xx_hal_pcd.o
                0x0000000008001e18                HAL_PCD_IRQHandler
 .text.HAL_PCDEx_SetTxFiFo
                0x00000000080023d4       0x4c build/stm32f4xx_hal_pcd_ex.o
                0x00000000080023d4                HAL_PCDEx_SetTxFiFo
 .text.HAL_PCDEx_SetRxFiFo
                0x0000000008002420        0x8 build/stm32f4xx_hal_pcd_ex.o
                0x0000000008002420                HAL_PCDEx_SetRxFiFo
 .text.HAL_PCDEx_LPM_Callback
                0x0000000008002428        0x2 build/stm32f4xx_hal_pcd_ex.o
                0x0000000008002428                HAL_PCDEx_LPM_Callback
 .text.USB_CoreReset
                0x000000000800242a       0x4a build/stm32f4xx_ll_usb.o
 .text.USB_CoreInit
                0x0000000008002474       0x92 build/stm32f4xx_ll_usb.o
                0x0000000008002474                USB_CoreInit
 *fill*         0x0000000008002506        0x2 
 .text.USB_SetTurnaroundTime
                0x0000000008002508       0xe4 build/stm32f4xx_ll_usb.o
                0x0000000008002508                USB_SetTurnaroundTime
 .text.USB_EnableGlobalInt
                0x00000000080025ec        0xc build/stm32f4xx_ll_usb.o
                0x00000000080025ec                USB_EnableGlobalInt
 .text.USB_DisableGlobalInt
                0x00000000080025f8        0xc build/stm32f4xx_ll_usb.o
                0x00000000080025f8                USB_DisableGlobalInt
 .text.USB_FlushTxFifo
                0x0000000008002604       0x4a build/stm32f4xx_ll_usb.o
                0x0000000008002604                USB_FlushTxFifo
 .text.USB_FlushRxFifo
                0x000000000800264e       0x46 build/stm32f4xx_ll_usb.o
                0x000000000800264e                USB_FlushRxFifo
 .text.USB_SetDevSpeed
                0x0000000008002694        0xe build/stm32f4xx_ll_usb.o
                0x0000000008002694                USB_SetDevSpeed
 *fill*         0x00000000080026a2        0x2 
 .text.USB_DevInit
                0x00000000080026a4      0x194 build/stm32f4xx_ll_usb.o
                0x00000000080026a4                USB_DevInit
 .text.USB_GetDevSpeed
                0x0000000008002838       0x22 build/stm32f4xx_ll_usb.o
                0x0000000008002838                USB_GetDevSpeed
 .text.USB_ActivateEndpoint
                0x000000000800285a       0x9c build/stm32f4xx_ll_usb.o
                0x000000000800285a                USB_ActivateEndpoint
 *fill*         0x00000000080028f6        0x2 
 .text.USB_DeactivateEndpoint
                0x00000000080028f8       0xe0 build/stm32f4xx_ll_usb.o
                0x00000000080028f8                USB_DeactivateEndpoint
 .text.USB_EPStopXfer
                0x00000000080029d8       0xbe build/stm32f4xx_ll_usb.o
                0x00000000080029d8                USB_EPStopXfer
 .text.USB_WritePacket
                0x0000000008002a96       0x2e build/stm32f4xx_ll_usb.o
                0x0000000008002a96                USB_WritePacket
 .text.USB_EPStartXfer
                0x0000000008002ac4      0x244 build/stm32f4xx_ll_usb.o
                0x0000000008002ac4                USB_EPStartXfer
 .text.USB_ReadPacket
                0x0000000008002d08       0x54 build/stm32f4xx_ll_usb.o
                0x0000000008002d08                USB_ReadPacket
 .text.USB_EPSetStall
                0x0000000008002d5c       0x5a build/stm32f4xx_ll_usb.o
                0x0000000008002d5c                USB_EPSetStall
 .text.USB_EPClearStall
                0x0000000008002db6       0x5c build/stm32f4xx_ll_usb.o
                0x0000000008002db6                USB_EPClearStall
 .text.USB_SetDevAddress
                0x0000000008002e12       0x20 build/stm32f4xx_ll_usb.o
                0x0000000008002e12                USB_SetDevAddress
 .text.USB_DevConnect
                0x0000000008002e32       0x1c build/stm32f4xx_ll_usb.o
                0x0000000008002e32                USB_DevConnect
 .text.USB_DevDisconnect
                0x0000000008002e4e       0x1c build/stm32f4xx_ll_usb.o
                0x0000000008002e4e                USB_DevDisconnect
 .text.USB_ReadInterrupts
                0x0000000008002e6a        0x8 build/stm32f4xx_ll_usb.o
                0x0000000008002e6a                USB_ReadInterrupts
 .text.USB_ReadDevAllOutEpInterrupt
                0x0000000008002e72       0x10 build/stm32f4xx_ll_usb.o
                0x0000000008002e72                USB_ReadDevAllOutEpInterrupt
 .text.USB_ReadDevAllInEpInterrupt
                0x0000000008002e82       0x10 build/stm32f4xx_ll_usb.o
                0x0000000008002e82                USB_ReadDevAllInEpInterrupt
 .text.USB_ReadDevOutEPInterrupt
                0x0000000008002e92       0x12 build/stm32f4xx_ll_usb.o
                0x0000000008002e92                USB_ReadDevOutEPInterrupt
 .text.USB_ReadDevInEPInterrupt
                0x0000000008002ea4       0x28 build/stm32f4xx_ll_usb.o
                0x0000000008002ea4                USB_ReadDevInEPInterrupt
 .text.USB_GetMode
                0x0000000008002ecc        0x8 build/stm32f4xx_ll_usb.o
                0x0000000008002ecc                USB_GetMode
 .text.USB_SetCurrentMode
                0x0000000008002ed4       0x62 build/stm32f4xx_ll_usb.o
                0x0000000008002ed4                USB_SetCurrentMode
 .text.USB_ActivateSetup
                0x0000000008002f36       0x20 build/stm32f4xx_ll_usb.o
                0x0000000008002f36                USB_ActivateSetup
 *fill*         0x0000000008002f56        0x2 
 .text.USB_EP0_OutStart
                0x0000000008002f58       0x60 build/stm32f4xx_ll_usb.o
                0x0000000008002f58                USB_EP0_OutStart
 .text.USBD_Init
                0x0000000008002fb8       0x2e build/usbd_core.o
                0x0000000008002fb8                USBD_Init
 .text.USBD_RegisterClass
                0x0000000008002fe6       0x34 build/usbd_core.o
                0x0000000008002fe6                USBD_RegisterClass
 .text.USBD_Start
                0x000000000800301a        0x8 build/usbd_core.o
                0x000000000800301a                USBD_Start
 .text.USBD_SetClassConfig
                0x0000000008003022       0x12 build/usbd_core.o
                0x0000000008003022                USBD_SetClassConfig
 .text.USBD_ClrClassConfig
                0x0000000008003034       0x12 build/usbd_core.o
                0x0000000008003034                USBD_ClrClassConfig
 .text.USBD_LL_SetupStage
                0x0000000008003046       0x58 build/usbd_core.o
                0x0000000008003046                USBD_LL_SetupStage
 .text.USBD_LL_Reset
                0x000000000800309e       0x64 build/usbd_core.o
                0x000000000800309e                USBD_LL_Reset
 .text.USBD_LL_SetSpeed
                0x0000000008003102        0x6 build/usbd_core.o
                0x0000000008003102                USBD_LL_SetSpeed
 .text.USBD_LL_Suspend
                0x0000000008003108       0x1e build/usbd_core.o
                0x0000000008003108                USBD_LL_Suspend
 .text.USBD_LL_Resume
                0x0000000008003126       0x1a build/usbd_core.o
                0x0000000008003126                USBD_LL_Resume
 .text.USBD_LL_SOF
                0x0000000008003140       0x22 build/usbd_core.o
                0x0000000008003140                USBD_LL_SOF
 .text.USBD_LL_IsoINIncomplete
                0x0000000008003162       0x2e build/usbd_core.o
                0x0000000008003162                USBD_LL_IsoINIncomplete
 .text.USBD_LL_IsoOUTIncomplete
                0x0000000008003190       0x2e build/usbd_core.o
                0x0000000008003190                USBD_LL_IsoOUTIncomplete
 .text.USBD_LL_DevConnected
                0x00000000080031be        0x4 build/usbd_core.o
                0x00000000080031be                USBD_LL_DevConnected
 .text.USBD_LL_DevDisconnected
                0x00000000080031c2       0x20 build/usbd_core.o
                0x00000000080031c2                USBD_LL_DevDisconnected
 .text.USBD_CoreFindIF
                0x00000000080031e2        0x4 build/usbd_core.o
                0x00000000080031e2                USBD_CoreFindIF
 .text.USBD_CoreFindEP
                0x00000000080031e6        0x4 build/usbd_core.o
                0x00000000080031e6                USBD_CoreFindEP
 .text.USBD_LL_DataOutStage
                0x00000000080031ea       0xc6 build/usbd_core.o
                0x00000000080031ea                USBD_LL_DataOutStage
 .text.USBD_LL_DataInStage
                0x00000000080032b0       0xd6 build/usbd_core.o
                0x00000000080032b0                USBD_LL_DataInStage
 .text.USBD_GetNextDesc
                0x0000000008003386        0xe build/usbd_core.o
                0x0000000008003386                USBD_GetNextDesc
 .text.USBD_GetEpDesc
                0x0000000008003394       0x3e build/usbd_core.o
                0x0000000008003394                USBD_GetEpDesc
 .text.USBD_GetLen
                0x00000000080033d2       0x14 build/usbd_ctlreq.o
 .text.USBD_ParseSetupRequest
                0x00000000080033e6       0x28 build/usbd_ctlreq.o
                0x00000000080033e6                USBD_ParseSetupRequest
 .text.USBD_CtlError
                0x000000000800340e       0x14 build/usbd_ctlreq.o
                0x000000000800340e                USBD_CtlError
 .text.USBD_GetDescriptor
                0x0000000008003422      0x18a build/usbd_ctlreq.o
 .text.USBD_SetAddress
                0x00000000080035ac       0x50 build/usbd_ctlreq.o
 .text.USBD_SetConfig
                0x00000000080035fc       0xcc build/usbd_ctlreq.o
 .text.USBD_GetConfig
                0x00000000080036c8       0x40 build/usbd_ctlreq.o
 .text.USBD_GetStatus
                0x0000000008003708       0x38 build/usbd_ctlreq.o
 .text.USBD_SetFeature
                0x0000000008003740       0x2a build/usbd_ctlreq.o
 .text.USBD_ClrFeature
                0x000000000800376a       0x26 build/usbd_ctlreq.o
 .text.USBD_StdDevReq
                0x0000000008003790       0x76 build/usbd_ctlreq.o
                0x0000000008003790                USBD_StdDevReq
 .text.USBD_StdItfReq
                0x0000000008003806       0x84 build/usbd_ctlreq.o
                0x0000000008003806                USBD_StdItfReq
 .text.USBD_StdEPReq
                0x000000000800388a      0x230 build/usbd_ctlreq.o
                0x000000000800388a                USBD_StdEPReq
 .text.USBD_GetString
                0x0000000008003aba       0x3a build/usbd_ctlreq.o
                0x0000000008003aba                USBD_GetString
 .text.USBD_CtlSendData
                0x0000000008003af4       0x1a build/usbd_ioreq.o
                0x0000000008003af4                USBD_CtlSendData
 .text.USBD_CtlContinueSendData
                0x0000000008003b0e       0x10 build/usbd_ioreq.o
                0x0000000008003b0e                USBD_CtlContinueSendData
 .text.USBD_CtlContinueRx
                0x0000000008003b1e       0x10 build/usbd_ioreq.o
                0x0000000008003b1e                USBD_CtlContinueRx
 .text.USBD_CtlSendStatus
                0x0000000008003b2e       0x16 build/usbd_ioreq.o
                0x0000000008003b2e                USBD_CtlSendStatus
 .text.USBD_CtlReceiveStatus
                0x0000000008003b44       0x16 build/usbd_ioreq.o
                0x0000000008003b44                USBD_CtlReceiveStatus
 .text.USBD_HID_DataIn
                0x0000000008003b5a       0x10 build/usbd_hid.o
 *fill*         0x0000000008003b6a        0x2 
 .text.USBD_HID_GetDeviceQualifierDesc
                0x0000000008003b6c        0xc build/usbd_hid.o
 .text.USBD_HID_GetOtherSpeedCfgDesc
                0x0000000008003b78       0x20 build/usbd_hid.o
 .text.USBD_HID_GetFSCfgDesc
                0x0000000008003b98       0x20 build/usbd_hid.o
 .text.USBD_HID_GetHSCfgDesc
                0x0000000008003bb8       0x20 build/usbd_hid.o
 .text.USBD_HID_Setup
                0x0000000008003bd8      0x12c build/usbd_hid.o
 .text.USBD_HID_DeInit
                0x0000000008003d04       0x30 build/usbd_hid.o
 .text.USBD_HID_Init
                0x0000000008003d34       0x50 build/usbd_hid.o
 .text.USBD_HID_SendReport
                0x0000000008003d84       0x44 build/usbd_hid.o
                0x0000000008003d84                USBD_HID_SendReport
 .text.Reset_Handler
                0x0000000008003dc8       0x50 build/startup_stm32f411xe.o
                0x0000000008003dc8                Reset_Handler
 .text.Default_Handler
                0x0000000008003e18        0x2 build/startup_stm32f411xe.o
                0x0000000008003e18                RTC_Alarm_IRQHandler
                0x0000000008003e18                EXTI2_IRQHandler
                0x0000000008003e18                SPI4_IRQHandler
                0x0000000008003e18                TIM1_CC_IRQHandler
                0x0000000008003e18                DMA2_Stream5_IRQHandler
                0x0000000008003e18                DMA1_Stream5_IRQHandler
                0x0000000008003e18                PVD_IRQHandler
                0x0000000008003e18                SDIO_IRQHandler
                0x0000000008003e18                TAMP_STAMP_IRQHandler
                0x0000000008003e18                EXTI3_IRQHandler
                0x0000000008003e18                TIM1_UP_TIM10_IRQHandler
                0x0000000008003e18                I2C3_ER_IRQHandler
                0x0000000008003e18                EXTI0_IRQHandler
                0x0000000008003e18                I2C2_EV_IRQHandler
                0x0000000008003e18                DMA1_Stream2_IRQHandler
                0x0000000008003e18                FPU_IRQHandler
                0x0000000008003e18                DMA2_Stream2_IRQHandler
                0x0000000008003e18                SPI1_IRQHandler
                0x0000000008003e18                TIM1_BRK_TIM9_IRQHandler
                0x0000000008003e18                DMA2_Stream3_IRQHandler
                0x0000000008003e18                USART6_IRQHandler
                0x0000000008003e18                DMA2_Stream0_IRQHandler
                0x0000000008003e18                TIM4_IRQHandler
                0x0000000008003e18                I2C1_EV_IRQHandler
                0x0000000008003e18                DMA1_Stream6_IRQHandler
                0x0000000008003e18                DMA1_Stream1_IRQHandler
                0x0000000008003e18                TIM3_IRQHandler
                0x0000000008003e18                RCC_IRQHandler
                0x0000000008003e18                Default_Handler
                0x0000000008003e18                EXTI15_10_IRQHandler
                0x0000000008003e18                ADC_IRQHandler
                0x0000000008003e18                DMA1_Stream7_IRQHandler
                0x0000000008003e18                SPI5_IRQHandler
                0x0000000008003e18                TIM5_IRQHandler
                0x0000000008003e18                DMA2_Stream7_IRQHandler
                0x0000000008003e18                I2C3_EV_IRQHandler
                0x0000000008003e18                EXTI9_5_IRQHandler
                0x0000000008003e18                RTC_WKUP_IRQHandler
                0x0000000008003e18                SPI2_IRQHandler
                0x0000000008003e18                DMA1_Stream0_IRQHandler
                0x0000000008003e18                EXTI4_IRQHandler
                0x0000000008003e18                WWDG_IRQHandler
                0x0000000008003e18                TIM2_IRQHandler
                0x0000000008003e18                OTG_FS_WKUP_IRQHandler
                0x0000000008003e18                TIM1_TRG_COM_TIM11_IRQHandler
                0x0000000008003e18                EXTI1_IRQHandler
                0x0000000008003e18                USART2_IRQHandler
                0x0000000008003e18                I2C2_ER_IRQHandler
                0x0000000008003e18                DMA2_Stream1_IRQHandler
                0x0000000008003e18                FLASH_IRQHandler
                0x0000000008003e18                DMA2_Stream4_IRQHandler
                0x0000000008003e18                USART1_IRQHandler
                0x0000000008003e18                SPI3_IRQHandler
                0x0000000008003e18                DMA1_Stream4_IRQHandler
                0x0000000008003e18                I2C1_ER_IRQHandler
                0x0000000008003e18                DMA2_Stream6_IRQHandler
                0x0000000008003e18                DMA1_Stream3_IRQHandler
 *(.glue_7)
 .glue_7        0x0000000008003e1a        0x0 linker stubs
 *(.glue_7t)
 .glue_7t       0x0000000008003e1a        0x0 linker stubs
 *(.eh_frame)
 *fill*         0x0000000008003e1a        0x2 
 .eh_frame      0x0000000008003e1c        0x0 /usr/lib/gcc/arm-none-eabi/10.3.1/thumb/v7e-m+fp/hard/crtbegin.o
 *(.init)
 .init          0x0000000008003e1c        0x4 /usr/lib/gcc/arm-none-eabi/10.3.1/thumb/v7e-m+fp/hard/crti.o
                0x0000000008003e1c                _init
 .init          0x0000000008003e20        0x8 /usr/lib/gcc/arm-none-eabi/10.3.1/thumb/v7e-m+fp/hard/crtn.o
 *(.fini)
 .fini          0x0000000008003e28        0x4 /usr/lib/gcc/arm-none-eabi/10.3.1/thumb/v7e-m+fp/hard/crti.o
                0x0000000008003e28                _fini
 .fini          0x0000000008003e2c        0x8 /usr/lib/gcc/arm-none-eabi/10.3.1/thumb/v7e-m+fp/hard/crtn.o
                0x0000000008003e34                . = ALIGN (0x4)
                0x0000000008003e34                _etext = .

.vfp11_veneer   0x0000000008003e34        0x0
 .vfp11_veneer  0x0000000008003e34        0x0 linker stubs

.v4_bx          0x0000000008003e34        0x0
 .v4_bx         0x0000000008003e34        0x0 linker stubs

.iplt           0x0000000008003e34        0x0
 .iplt          0x0000000008003e34        0x0 /usr/lib/gcc/arm-none-eabi/10.3.1/thumb/v7e-m+fp/hard/crtbegin.o

.rodata         0x0000000008003e34       0x58
                0x0000000008003e34                . = ALIGN (0x4)
 *(.rodata)
 *(.rodata*)
 .rodata.AHBPrescTable
                0x0000000008003e34       0x10 build/system_stm32f4xx.o
                0x0000000008003e34                AHBPrescTable
 .rodata.USBD_FS_ProductStrDescriptor.str1.4
                0x0000000008003e44       0x16 build/usbd_desc.o
 *fill*         0x0000000008003e5a        0x2 
 .rodata.USBD_FS_ManufacturerStrDescriptor.str1.4
                0x0000000008003e5c       0x13 build/usbd_desc.o
 *fill*         0x0000000008003e6f        0x1 
 .rodata.USBD_FS_ConfigStrDescriptor.str1.4
                0x0000000008003e70        0xb build/usbd_desc.o
 *fill*         0x0000000008003e7b        0x1 
 .rodata.USBD_FS_InterfaceStrDescriptor.str1.4
                0x0000000008003e7c        0xe build/usbd_desc.o
                0x0000000008003e8c                . = ALIGN (0x4)
 *fill*         0x0000000008003e8a        0x2 

.ARM.extab
 *(.ARM.extab* .gnu.linkonce.armextab.*)

.ARM            0x0000000008003e8c        0x8
                0x0000000008003e8c                __exidx_start = .
 *(.ARM.exidx*)
 .ARM.exidx     0x0000000008003e8c        0x8 /usr/lib/gcc/arm-none-eabi/10.3.1/thumb/v7e-m+fp/hard/libgcc.a(_udivmoddi4.o)
                0x0000000008003e94                __exidx_end = .

.rel.dyn        0x0000000008003e94        0x0
 .rel.iplt      0x0000000008003e94        0x0 /usr/lib/gcc/arm-none-eabi/10.3.1/thumb/v7e-m+fp/hard/crtbegin.o

.preinit_array  0x0000000008003e94        0x0
                0x0000000008003e94                PROVIDE (__preinit_array_start = .)
 *(.preinit_array*)
                0x0000000008003e94                PROVIDE (__preinit_array_end = .)

.init_array     0x0000000008003e94        0x4
                0x0000000008003e94                PROVIDE (__init_array_start = .)
 *(SORT_BY_NAME(.init_array.*))
 *(.init_array*)
 .init_array    0x0000000008003e94        0x4 /usr/lib/gcc/arm-none-eabi/10.3.1/thumb/v7e-m+fp/hard/crtbegin.o
                0x0000000008003e98                PROVIDE (__init_array_end = .)

.fini_array     0x0000000008003e98        0x4
                0x0000000008003e98                PROVIDE (__fini_array_start = .)
 *(SORT_BY_NAME(.fini_array.*))
 *(.fini_array*)
 .fini_array    0x0000000008003e98        0x4 /usr/lib/gcc/arm-none-eabi/10.3.1/thumb/v7e-m+fp/hard/crtbegin.o
                0x0000000008003e9c                PROVIDE (__fini_array_end = .)
                0x0000000008003e9c                _sidata = LOADADDR (.data)

.data           0x0000000020000000      0x18c load address 0x0000000008003e9c
                0x0000000020000000                . = ALIGN (0x4)
                0x0000000020000000                _sdata = .
 *(.data)
 *(.data*)
 .data.uwTickFreq
                0x0000000020000000        0x1 build/stm32f4xx_hal.o
                0x0000000020000000                uwTickFreq
 *fill*         0x0000000020000001        0x3 
 .data.uwTickPrio
                0x0000000020000004        0x4 build/stm32f4xx_hal.o
                0x0000000020000004                uwTickPrio
 .data.SystemCoreClock
                0x0000000020000008        0x4 build/system_stm32f4xx.o
                0x0000000020000008                SystemCoreClock
 .data.FS_Desc  0x000000002000000c       0x1c build/usbd_desc.o
                0x000000002000000c                FS_Desc
 .data.USBD_FS_DeviceDesc
                0x0000000020000028       0x12 build/usbd_desc.o
                0x0000000020000028                USBD_FS_DeviceDesc
 *fill*         0x000000002000003a        0x2 
 .data.USBD_LangIDDesc
                0x000000002000003c        0x4 build/usbd_desc.o
                0x000000002000003c                USBD_LangIDDesc
 .data.USBD_StringSerial
                0x0000000020000040       0x1a build/usbd_desc.o
                0x0000000020000040                USBD_StringSerial
 *fill*         0x000000002000005a        0x2 
 .data.HID_MOUSE_ReportDesc
                0x000000002000005c       0xbb build/usbd_hid.o
 *fill*         0x0000000020000117        0x1 
 .data.USBD_HID
                0x0000000020000118       0x38 build/usbd_hid.o
                0x0000000020000118                USBD_HID
 .data.USBD_HID_CfgDesc
                0x0000000020000150       0x22 build/usbd_hid.o
 *fill*         0x0000000020000172        0x2 
 .data.USBD_HID_Desc
                0x0000000020000174        0x9 build/usbd_hid.o
 *fill*         0x000000002000017d        0x3 
 .data.USBD_HID_DeviceQualifierDesc
                0x0000000020000180        0xa build/usbd_hid.o
                0x000000002000018c                . = ALIGN (0x4)
 *fill*         0x000000002000018a        0x2 
                0x000000002000018c                _edata = .

.tm_clone_table
                0x000000002000018c        0x0 load address 0x0000000008004028
 .tm_clone_table
                0x000000002000018c        0x0 /usr/lib/gcc/arm-none-eabi/10.3.1/thumb/v7e-m+fp/hard/crtbegin.o
 .tm_clone_table
                0x000000002000018c        0x0 /usr/lib/gcc/arm-none-eabi/10.3.1/thumb/v7e-m+fp/hard/crtend.o

.igot.plt       0x000000002000018c        0x0 load address 0x0000000008004028
 .igot.plt      0x000000002000018c        0x0 /usr/lib/gcc/arm-none-eabi/10.3.1/thumb/v7e-m+fp/hard/crtbegin.o
                0x000000002000018c                . = ALIGN (0x4)

.bss            0x000000002000018c      0xa38 load address 0x0000000008004028
                0x000000002000018c                _sbss = .
                0x000000002000018c                __bss_start__ = _sbss
 *(.bss)
 .bss           0x000000002000018c       0x1c /usr/lib/gcc/arm-none-eabi/10.3.1/thumb/v7e-m+fp/hard/crtbegin.o
 *(.bss*)
 .bss.matrix    0x00000000200001a8        0x6 build/main.o
                0x00000000200001a8                matrix
 *fill*         0x00000000200001ae        0x2 
 .bss.keymatrix
                0x00000000200001b0       0x30 build/keymatrix.o
                0x00000000200001b0                keymatrix
 .bss.report    0x00000000200001e0        0x8 build/keymatrix.o
                0x00000000200001e0                report
 .bss.uwTick    0x00000000200001e8        0x4 build/stm32f4xx_hal.o
                0x00000000200001e8                uwTick
 .bss.hUsbDeviceFS
                0x00000000200001ec      0x2dc build/usb_device.o
                0x00000000200001ec                hUsbDeviceFS
 .bss.USBD_StrDesc
                0x00000000200004c8      0x200 build/usbd_desc.o
                0x00000000200004c8                USBD_StrDesc
 .bss.hpcd_USB_OTG_FS
                0x00000000200006c8      0x4e4 build/usbd_conf.o
                0x00000000200006c8                hpcd_USB_OTG_FS
 .bss.mem.0     0x0000000020000bac       0x14 build/usbd_conf.o
 .bss.cfgidx.0  0x0000000020000bc0        0x1 build/usbd_ctlreq.o
 *(COMMON)
                0x0000000020000bc4                . = ALIGN (0x4)
 *fill*         0x0000000020000bc1        0x3 
                0x0000000020000bc4                _ebss = .
                0x0000000020000bc4                __bss_end__ = _ebss

._user_heap_stack
                0x0000000020000bc4      0x604 load address 0x0000000008004028
                0x0000000020000bc8                . = ALIGN (0x8)
 *fill*         0x0000000020000bc4        0x4 
                [!provide]                        PROVIDE (end = .)
                [!provide]                        PROVIDE (_end = .)
                0x0000000020000dc8                . = (. + _Min_Heap_Size)
 *fill*         0x0000000020000bc8      0x200 
                0x00000000200011c8                . = (. + _Min_Stack_Size)
 *fill*         0x0000000020000dc8      0x400 
                0x00000000200011c8                . = ALIGN (0x8)

/DISCARD/
 libc.a(*)
 libm.a(*)
 libgcc.a(*)

.ARM.attributes
                0x0000000000000000       0x30
 *(.ARM.attributes)
 .ARM.attributes
                0x0000000000000000       0x1e /usr/lib/gcc/arm-none-eabi/10.3.1/thumb/v7e-m+fp/hard/crti.o
 .ARM.attributes
                0x000000000000001e       0x34 /usr/lib/gcc/arm-none-eabi/10.3.1/thumb/v7e-m+fp/hard/crtbegin.o
 .ARM.attributes
                0x0000000000000052       0x34 build/main.o
 .ARM.attributes
                0x0000000000000086       0x34 build/stm32f4xx_it.o
 .ARM.attributes
                0x00000000000000ba       0x34 build/stm32f4xx_hal_msp.o
 .ARM.attributes
                0x00000000000000ee       0x34 build/keymatrix.o
 .ARM.attributes
                0x0000000000000122       0x34 build/stm32f4xx_hal_rcc.o
 .ARM.attributes
                0x0000000000000156       0x34 build/stm32f4xx_hal_gpio.o
 .ARM.attributes
                0x000000000000018a       0x34 build/stm32f4xx_hal_cortex.o
 .ARM.attributes
                0x00000000000001be       0x34 build/stm32f4xx_hal.o
 .ARM.attributes
                0x00000000000001f2       0x34 build/system_stm32f4xx.o
 .ARM.attributes
                0x0000000000000226       0x34 build/usb_device.o
 .ARM.attributes
                0x000000000000025a       0x34 build/usbd_desc.o
 .ARM.attributes
                0x000000000000028e       0x34 build/usbd_conf.o
 .ARM.attributes
                0x00000000000002c2       0x34 build/stm32f4xx_hal_pcd.o
 .ARM.attributes
                0x00000000000002f6       0x34 build/stm32f4xx_hal_pcd_ex.o
 .ARM.attributes
                0x000000000000032a       0x34 build/stm32f4xx_ll_usb.o
 .ARM.attributes
                0x000000000000035e       0x34 build/usbd_core.o
 .ARM.attributes
                0x0000000000000392       0x34 build/usbd_ctlreq.o
 .ARM.attributes
                0x00000000000003c6       0x34 build/usbd_ioreq.o
 .ARM.attributes
                0x00000000000003fa       0x34 build/usbd_hid.o
 .ARM.attributes
                0x000000000000042e       0x21 build/startup_stm32f411xe.o
 .ARM.attributes
                0x000000000000044f       0x34 /usr/lib/gcc/arm-none-eabi/10.3.1/../../../arm-none-eabi/lib/thumb/v7e-m+fp/hard/libc_nano.a(lib_a-init.o)
 .ARM.attributes
                0x0000000000000483       0x34 /usr/lib/gcc/arm-none-eabi/10.3.1/../../../arm-none-eabi/lib/thumb/v7e-m+fp/hard/libc_nano.a(lib_a-memset.o)
 .ARM.attributes
                0x00000000000004b7       0x1e /usr/lib/gcc/arm-none-eabi/10.3.1/thumb/v7e-m+fp/hard/libgcc.a(_aeabi_uldivmod.o)
 .ARM.attributes
                0x00000000000004d5       0x34 /usr/lib/gcc/arm-none-eabi/10.3.1/thumb/v7e-m+fp/hard/libgcc.a(_udivmoddi4.o)
 .ARM.attributes
                0x0000000000000509       0x1e /usr/lib/gcc/arm-none-eabi/10.3.1/thumb/v7e-m+fp/hard/libgcc.a(_dvmd_tls.o)
 .ARM.attributes
                0x0000000000000527       0x32 /usr/lib/gcc/arm-none-eabi/10.3.1/thumb/v7e-m+fp/hard/crtend.o
 .ARM.attributes
                0x0000000000000559       0x1e /usr/lib/gcc/arm-none-eabi/10.3.1/thumb/v7e-m+fp/hard/crtn.o
OUTPUT(build/blackpcb.elf elf32-littlearm)
LOAD linker stubs
LOAD /usr/lib/gcc/arm-none-eabi/10.3.1/../../../arm-none-eabi/lib/thumb/v7e-m+fp/hard/libc.a
LOAD /usr/lib/gcc/arm-none-eabi/10.3.1/../../../arm-none-eabi/lib/thumb/v7e-m+fp/hard/libm.a
LOAD /usr/lib/gcc/arm-none-eabi/10.3.1/thumb/v7e-m+fp/hard/libgcc.a

.comment        0x0000000000000000       0x33
 .comment       0x0000000000000000       0x33 /usr/lib/gcc/arm-none-eabi/10.3.1/thumb/v7e-m+fp/hard/crtbegin.o
                                         0x34 (size before relaxing)
 .comment       0x0000000000000033       0x34 build/main.o
 .comment       0x0000000000000033       0x34 build/stm32f4xx_it.o
 .comment       0x0000000000000033       0x34 build/stm32f4xx_hal_msp.o
 .comment       0x0000000000000033       0x34 build/keymatrix.o
 .comment       0x0000000000000033       0x34 build/stm32f4xx_hal_rcc.o
 .comment       0x0000000000000033       0x34 build/stm32f4xx_hal_gpio.o
 .comment       0x0000000000000033       0x34 build/stm32f4xx_hal_cortex.o
 .comment       0x0000000000000033       0x34 build/stm32f4xx_hal.o
 .comment       0x0000000000000033       0x34 build/system_stm32f4xx.o
 .comment       0x0000000000000033       0x34 build/usb_device.o
 .comment       0x0000000000000033       0x34 build/usbd_desc.o
 .comment       0x0000000000000033       0x34 build/usbd_conf.o
 .comment       0x0000000000000033       0x34 build/stm32f4xx_hal_pcd.o
 .comment       0x0000000000000033       0x34 build/stm32f4xx_hal_pcd_ex.o
 .comment       0x0000000000000033       0x34 build/stm32f4xx_ll_usb.o
 .comment       0x0000000000000033       0x34 build/usbd_core.o
 .comment       0x0000000000000033       0x34 build/usbd_ctlreq.o
 .comment       0x0000000000000033       0x34 build/usbd_ioreq.o
 .comment       0x0000000000000033       0x34 build/usbd_hid.o
 .comment       0x0000000000000033       0x34 /usr/lib/gcc/arm-none-eabi/10.3.1/../../../arm-none-eabi/lib/thumb/v7e-m+fp/hard/libc_nano.a(lib_a-init.o)
 .comment       0x0000000000000033       0x34 /usr/lib/gcc/arm-none-eabi/10.3.1/../../../arm-none-eabi/lib/thumb/v7e-m+fp/hard/libc_nano.a(lib_a-memset.o)
 .comment       0x0000000000000033       0x34 /usr/lib/gcc/arm-none-eabi/10.3.1/thumb/v7e-m+fp/hard/libgcc.a(_udivmoddi4.o)
 .comment       0x0000000000000033       0x34 /usr/lib/gcc/arm-none-eabi/10.3.1/thumb/v7e-m+fp/hard/crtend.o

.debug_info     0x0000000000000000    0x111ce
 .debug_info    0x0000000000000000      0x9dc build/main.o
 .debug_info    0x00000000000009dc      0x700 build/stm32f4xx_it.o
 .debug_info    0x00000000000010dc      0x311 build/stm32f4xx_hal_msp.o
 .debug_info    0x00000000000013ed      0xb6a build/keymatrix.o
 .debug_info    0x0000000000001f57      0xbe3 build/stm32f4xx_hal_rcc.o
 .debug_info    0x0000000000002b3a      0x84e build/stm32f4xx_hal_gpio.o
 .debug_info    0x0000000000003388     0x10d7 build/stm32f4xx_hal_cortex.o
 .debug_info    0x000000000000445f      0xa5a build/stm32f4xx_hal.o
 .debug_info    0x0000000000004eb9      0x5cd build/system_stm32f4xx.o
 .debug_info    0x0000000000005486      0x6f8 build/usb_device.o
 .debug_info    0x0000000000005b7e      0x643 build/usbd_desc.o
 .debug_info    0x00000000000061c1     0x2117 build/usbd_conf.o
 .debug_info    0x00000000000082d8     0x1ceb build/stm32f4xx_hal_pcd.o
 .debug_info    0x0000000000009fc3      0x7a7 build/stm32f4xx_hal_pcd_ex.o
 .debug_info    0x000000000000a76a     0x21e8 build/stm32f4xx_ll_usb.o
 .debug_info    0x000000000000c952     0x1352 build/usbd_core.o
 .debug_info    0x000000000000dca4     0x14c9 build/usbd_ctlreq.o
 .debug_info    0x000000000000f16d      0x972 build/usbd_ioreq.o
 .debug_info    0x000000000000fadf      0xd19 build/usbd_hid.o
 .debug_info    0x00000000000107f8       0x22 build/startup_stm32f411xe.o
 .debug_info    0x000000000001081a      0x11a /usr/lib/gcc/arm-none-eabi/10.3.1/../../../arm-none-eabi/lib/thumb/v7e-m+fp/hard/libc_nano.a(lib_a-init.o)
 .debug_info    0x0000000000010934      0x137 /usr/lib/gcc/arm-none-eabi/10.3.1/../../../arm-none-eabi/lib/thumb/v7e-m+fp/hard/libc_nano.a(lib_a-memset.o)
 .debug_info    0x0000000000010a6b       0x26 /usr/lib/gcc/arm-none-eabi/10.3.1/thumb/v7e-m+fp/hard/libgcc.a(_aeabi_uldivmod.o)
 .debug_info    0x0000000000010a91      0x717 /usr/lib/gcc/arm-none-eabi/10.3.1/thumb/v7e-m+fp/hard/libgcc.a(_udivmoddi4.o)
 .debug_info    0x00000000000111a8       0x26 /usr/lib/gcc/arm-none-eabi/10.3.1/thumb/v7e-m+fp/hard/libgcc.a(_dvmd_tls.o)

.debug_abbrev   0x0000000000000000     0x2df4
 .debug_abbrev  0x0000000000000000      0x22d build/main.o
 .debug_abbrev  0x000000000000022d      0x17c build/stm32f4xx_it.o
 .debug_abbrev  0x00000000000003a9       0xd3 build/stm32f4xx_hal_msp.o
 .debug_abbrev  0x000000000000047c      0x26d build/keymatrix.o
 .debug_abbrev  0x00000000000006e9      0x2aa build/stm32f4xx_hal_rcc.o
 .debug_abbrev  0x0000000000000993      0x22b build/stm32f4xx_hal_gpio.o
 .debug_abbrev  0x0000000000000bbe      0x382 build/stm32f4xx_hal_cortex.o
 .debug_abbrev  0x0000000000000f40      0x23a build/stm32f4xx_hal.o
 .debug_abbrev  0x000000000000117a      0x11b build/system_stm32f4xx.o
 .debug_abbrev  0x0000000000001295      0x17f build/usb_device.o
 .debug_abbrev  0x0000000000001414      0x1eb build/usbd_desc.o
 .debug_abbrev  0x00000000000015ff      0x2eb build/usbd_conf.o
 .debug_abbrev  0x00000000000018ea      0x2d8 build/stm32f4xx_hal_pcd.o
 .debug_abbrev  0x0000000000001bc2      0x1c5 build/stm32f4xx_hal_pcd_ex.o
 .debug_abbrev  0x0000000000001d87      0x300 build/stm32f4xx_ll_usb.o
 .debug_abbrev  0x0000000000002087      0x2b8 build/usbd_core.o
 .debug_abbrev  0x000000000000233f      0x358 build/usbd_ctlreq.o
 .debug_abbrev  0x0000000000002697      0x176 build/usbd_ioreq.o
 .debug_abbrev  0x000000000000280d      0x2ca build/usbd_hid.o
 .debug_abbrev  0x0000000000002ad7       0x12 build/startup_stm32f411xe.o
 .debug_abbrev  0x0000000000002ae9       0xcc /usr/lib/gcc/arm-none-eabi/10.3.1/../../../arm-none-eabi/lib/thumb/v7e-m+fp/hard/libc_nano.a(lib_a-init.o)
 .debug_abbrev  0x0000000000002bb5       0xb4 /usr/lib/gcc/arm-none-eabi/10.3.1/../../../arm-none-eabi/lib/thumb/v7e-m+fp/hard/libc_nano.a(lib_a-memset.o)
 .debug_abbrev  0x0000000000002c69       0x14 /usr/lib/gcc/arm-none-eabi/10.3.1/thumb/v7e-m+fp/hard/libgcc.a(_aeabi_uldivmod.o)
 .debug_abbrev  0x0000000000002c7d      0x163 /usr/lib/gcc/arm-none-eabi/10.3.1/thumb/v7e-m+fp/hard/libgcc.a(_udivmoddi4.o)
 .debug_abbrev  0x0000000000002de0       0x14 /usr/lib/gcc/arm-none-eabi/10.3.1/thumb/v7e-m+fp/hard/libgcc.a(_dvmd_tls.o)

.debug_loc      0x0000000000000000     0xb9ff
 .debug_loc     0x0000000000000000       0xe4 build/main.o
 .debug_loc     0x00000000000000e4       0x40 build/stm32f4xx_it.o
 .debug_loc     0x0000000000000124       0x2c build/stm32f4xx_hal_msp.o
 .debug_loc     0x0000000000000150      0x288 build/keymatrix.o
 .debug_loc     0x00000000000003d8      0x6e4 build/stm32f4xx_hal_rcc.o
 .debug_loc     0x0000000000000abc      0x5e8 build/stm32f4xx_hal_gpio.o
 .debug_loc     0x00000000000010a4      0x7a4 build/stm32f4xx_hal_cortex.o
 .debug_loc     0x0000000000001848      0x1e1 build/stm32f4xx_hal.o
 .debug_loc     0x0000000000001a29      0x158 build/system_stm32f4xx.o
 .debug_loc     0x0000000000001b81       0x20 build/usb_device.o
 .debug_loc     0x0000000000001ba1      0x47b build/usbd_desc.o
 .debug_loc     0x000000000000201c      0xf03 build/usbd_conf.o
 .debug_loc     0x0000000000002f1f     0x165a build/stm32f4xx_hal_pcd.o
 .debug_loc     0x0000000000004579      0x116 build/stm32f4xx_hal_pcd_ex.o
 .debug_loc     0x000000000000468f     0x291d build/stm32f4xx_ll_usb.o
 .debug_loc     0x0000000000006fac     0x102a build/usbd_core.o
 .debug_loc     0x0000000000007fd6     0x1a19 build/usbd_ctlreq.o
 .debug_loc     0x00000000000099ef      0x398 build/usbd_ioreq.o
 .debug_loc     0x0000000000009d87      0x983 build/usbd_hid.o
 .debug_loc     0x000000000000a70a       0xba /usr/lib/gcc/arm-none-eabi/10.3.1/../../../arm-none-eabi/lib/thumb/v7e-m+fp/hard/libc_nano.a(lib_a-init.o)
 .debug_loc     0x000000000000a7c4      0x22c /usr/lib/gcc/arm-none-eabi/10.3.1/../../../arm-none-eabi/lib/thumb/v7e-m+fp/hard/libc_nano.a(lib_a-memset.o)
 .debug_loc     0x000000000000a9f0     0x100f /usr/lib/gcc/arm-none-eabi/10.3.1/thumb/v7e-m+fp/hard/libgcc.a(_udivmoddi4.o)

.debug_aranges  0x0000000000000000      0xb38
 .debug_aranges
                0x0000000000000000       0x38 build/main.o
 .debug_aranges
                0x0000000000000038       0x68 build/stm32f4xx_it.o
 .debug_aranges
                0x00000000000000a0       0x20 build/stm32f4xx_hal_msp.o
 .debug_aranges
                0x00000000000000c0       0x40 build/keymatrix.o
 .debug_aranges
                0x0000000000000100       0x88 build/stm32f4xx_hal_rcc.o
 .debug_aranges
                0x0000000000000188       0x58 build/stm32f4xx_hal_gpio.o
 .debug_aranges
                0x00000000000001e0       0xb0 build/stm32f4xx_hal_cortex.o
 .debug_aranges
                0x0000000000000290       0xf0 build/stm32f4xx_hal.o
 .debug_aranges
                0x0000000000000380       0x28 build/system_stm32f4xx.o
 .debug_aranges
                0x00000000000003a8       0x20 build/usb_device.o
 .debug_aranges
                0x00000000000003c8       0x60 build/usbd_desc.o
 .debug_aranges
                0x0000000000000428      0x110 build/usbd_conf.o
 .debug_aranges
                0x0000000000000538      0x148 build/stm32f4xx_hal_pcd.o
 .debug_aranges
                0x0000000000000680       0x38 build/stm32f4xx_hal_pcd_ex.o
 .debug_aranges
                0x00000000000006b8      0x1a0 build/stm32f4xx_ll_usb.o
 .debug_aranges
                0x0000000000000858       0xd8 build/usbd_core.o
 .debug_aranges
                0x0000000000000930       0x88 build/usbd_ctlreq.o
 .debug_aranges
                0x00000000000009b8       0x50 build/usbd_ioreq.o
 .debug_aranges
                0x0000000000000a08       0x68 build/usbd_hid.o
 .debug_aranges
                0x0000000000000a70       0x28 build/startup_stm32f411xe.o
 .debug_aranges
                0x0000000000000a98       0x20 /usr/lib/gcc/arm-none-eabi/10.3.1/../../../arm-none-eabi/lib/thumb/v7e-m+fp/hard/libc_nano.a(lib_a-init.o)
 .debug_aranges
                0x0000000000000ab8       0x20 /usr/lib/gcc/arm-none-eabi/10.3.1/../../../arm-none-eabi/lib/thumb/v7e-m+fp/hard/libc_nano.a(lib_a-memset.o)
 .debug_aranges
                0x0000000000000ad8       0x20 /usr/lib/gcc/arm-none-eabi/10.3.1/thumb/v7e-m+fp/hard/libgcc.a(_aeabi_uldivmod.o)
 .debug_aranges
                0x0000000000000af8       0x20 /usr/lib/gcc/arm-none-eabi/10.3.1/thumb/v7e-m+fp/hard/libgcc.a(_udivmoddi4.o)
 .debug_aranges
                0x0000000000000b18       0x20 /usr/lib/gcc/arm-none-eabi/10.3.1/thumb/v7e-m+fp/hard/libgcc.a(_dvmd_tls.o)

.debug_ranges   0x0000000000000000      0xad8
 .debug_ranges  0x0000000000000000       0x28 build/main.o
 .debug_ranges  0x0000000000000028       0x58 build/stm32f4xx_it.o
 .debug_ranges  0x0000000000000080       0x10 build/stm32f4xx_hal_msp.o
 .debug_ranges  0x0000000000000090       0x48 build/keymatrix.o
 .debug_ranges  0x00000000000000d8       0x90 build/stm32f4xx_hal_rcc.o
 .debug_ranges  0x0000000000000168       0x48 build/stm32f4xx_hal_gpio.o
 .debug_ranges  0x00000000000001b0      0x100 build/stm32f4xx_hal_cortex.o
 .debug_ranges  0x00000000000002b0       0xe0 build/stm32f4xx_hal.o
 .debug_ranges  0x0000000000000390       0x18 build/system_stm32f4xx.o
 .debug_ranges  0x00000000000003a8       0x10 build/usb_device.o
 .debug_ranges  0x00000000000003b8       0x50 build/usbd_desc.o
 .debug_ranges  0x0000000000000408      0x100 build/usbd_conf.o
 .debug_ranges  0x0000000000000508      0x138 build/stm32f4xx_hal_pcd.o
 .debug_ranges  0x0000000000000640       0x28 build/stm32f4xx_hal_pcd_ex.o
 .debug_ranges  0x0000000000000668      0x190 build/stm32f4xx_ll_usb.o
 .debug_ranges  0x00000000000007f8       0xc8 build/usbd_core.o
 .debug_ranges  0x00000000000008c0       0x78 build/usbd_ctlreq.o
 .debug_ranges  0x0000000000000938       0x40 build/usbd_ioreq.o
 .debug_ranges  0x0000000000000978       0x58 build/usbd_hid.o
 .debug_ranges  0x00000000000009d0       0x20 build/startup_stm32f411xe.o
 .debug_ranges  0x00000000000009f0       0xe8 /usr/lib/gcc/arm-none-eabi/10.3.1/thumb/v7e-m+fp/hard/libgcc.a(_udivmoddi4.o)

.debug_line     0x0000000000000000     0x9212
 .debug_line    0x0000000000000000      0x3f0 build/main.o
 .debug_line    0x00000000000003f0      0x247 build/stm32f4xx_it.o
 .debug_line    0x0000000000000637       0xd2 build/stm32f4xx_hal_msp.o
 .debug_line    0x0000000000000709      0x3a1 build/keymatrix.o
 .debug_line    0x0000000000000aaa      0xa87 build/stm32f4xx_hal_rcc.o
 .debug_line    0x0000000000001531      0x63a build/stm32f4xx_hal_gpio.o
 .debug_line    0x0000000000001b6b      0x708 build/stm32f4xx_hal_cortex.o
 .debug_line    0x0000000000002273      0x4dc build/stm32f4xx_hal.o
 .debug_line    0x000000000000274f      0x1c7 build/system_stm32f4xx.o
 .debug_line    0x0000000000002916      0x166 build/usb_device.o
 .debug_line    0x0000000000002a7c      0x2f5 build/usbd_desc.o
 .debug_line    0x0000000000002d71      0x781 build/usbd_conf.o
 .debug_line    0x00000000000034f2     0x14b0 build/stm32f4xx_hal_pcd.o
 .debug_line    0x00000000000049a2      0x22c build/stm32f4xx_hal_pcd_ex.o
 .debug_line    0x0000000000004bce     0x1e4e build/stm32f4xx_ll_usb.o
 .debug_line    0x0000000000006a1c      0x969 build/usbd_core.o
 .debug_line    0x0000000000007385      0xce3 build/usbd_ctlreq.o
 .debug_line    0x0000000000008068      0x240 build/usbd_ioreq.o
 .debug_line    0x00000000000082a8      0x58f build/usbd_hid.o
 .debug_line    0x0000000000008837       0x76 build/startup_stm32f411xe.o
 .debug_line    0x00000000000088ad      0x138 /usr/lib/gcc/arm-none-eabi/10.3.1/../../../arm-none-eabi/lib/thumb/v7e-m+fp/hard/libc_nano.a(lib_a-init.o)
 .debug_line    0x00000000000089e5      0x1bf /usr/lib/gcc/arm-none-eabi/10.3.1/../../../arm-none-eabi/lib/thumb/v7e-m+fp/hard/libc_nano.a(lib_a-memset.o)
 .debug_line    0x0000000000008ba4       0x60 /usr/lib/gcc/arm-none-eabi/10.3.1/thumb/v7e-m+fp/hard/libgcc.a(_aeabi_uldivmod.o)
 .debug_line    0x0000000000008c04      0x5ae /usr/lib/gcc/arm-none-eabi/10.3.1/thumb/v7e-m+fp/hard/libgcc.a(_udivmoddi4.o)
 .debug_line    0x00000000000091b2       0x60 /usr/lib/gcc/arm-none-eabi/10.3.1/thumb/v7e-m+fp/hard/libgcc.a(_dvmd_tls.o)

.debug_str      0x0000000000000000     0x3da0
 .debug_str     0x0000000000000000      0x4ff build/main.o
                                        0x575 (size before relaxing)
 .debug_str     0x00000000000004ff      0x48b build/stm32f4xx_it.o
                                        0x62c (size before relaxing)
 .debug_str     0x000000000000098a       0x29 build/stm32f4xx_hal_msp.o
                                        0x2ac (size before relaxing)
 .debug_str     0x00000000000009b3      0x45a build/keymatrix.o
                                        0x6d2 (size before relaxing)
 .debug_str     0x0000000000000e0d      0x24e build/stm32f4xx_hal_rcc.o
                                        0x6d7 (size before relaxing)
 .debug_str     0x000000000000105b      0x124 build/stm32f4xx_hal_gpio.o
                                        0x4bc (size before relaxing)
 .debug_str     0x000000000000117f      0x8af build/stm32f4xx_hal_cortex.o
                                        0xab6 (size before relaxing)
 .debug_str     0x0000000000001a2e      0x295 build/stm32f4xx_hal.o
                                        0x9f3 (size before relaxing)
 .debug_str     0x0000000000001cc3       0x47 build/system_stm32f4xx.o
                                        0x35c (size before relaxing)
 .debug_str     0x0000000000001d0a       0x7b build/usb_device.o
                                        0x5fb (size before relaxing)
 .debug_str     0x0000000000001d85      0x1a1 build/usbd_desc.o
                                        0x448 (size before relaxing)
 .debug_str     0x0000000000001f26      0x4e8 build/usbd_conf.o
                                       0x144e (size before relaxing)
 .debug_str     0x000000000000240e      0x58b build/stm32f4xx_hal_pcd.o
                                        0xd98 (size before relaxing)
 .debug_str     0x0000000000002999      0x125 build/stm32f4xx_hal_pcd_ex.o
                                        0x70d (size before relaxing)
 .debug_str     0x0000000000002abe      0x4c5 build/stm32f4xx_ll_usb.o
                                        0xcf8 (size before relaxing)
 .debug_str     0x0000000000002f83      0x27b build/usbd_core.o
                                        0x9c1 (size before relaxing)
 .debug_str     0x00000000000031fe      0x109 build/usbd_ctlreq.o
                                        0x7ec (size before relaxing)
 .debug_str     0x0000000000003307       0x60 build/usbd_ioreq.o
                                        0x6c1 (size before relaxing)
 .debug_str     0x0000000000003367      0x1e9 build/usbd_hid.o
                                        0x8be (size before relaxing)
 .debug_str     0x0000000000003550       0x22 build/startup_stm32f411xe.o
                                         0x52 (size before relaxing)
 .debug_str     0x0000000000003572      0x16a /usr/lib/gcc/arm-none-eabi/10.3.1/../../../arm-none-eabi/lib/thumb/v7e-m+fp/hard/libc_nano.a(lib_a-init.o)
                                        0x20b (size before relaxing)
 .debug_str     0x00000000000036dc       0xaa /usr/lib/gcc/arm-none-eabi/10.3.1/../../../arm-none-eabi/lib/thumb/v7e-m+fp/hard/libc_nano.a(lib_a-memset.o)
                                        0x1c0 (size before relaxing)
 .debug_str     0x0000000000003786       0xa6 /usr/lib/gcc/arm-none-eabi/10.3.1/thumb/v7e-m+fp/hard/libgcc.a(_aeabi_uldivmod.o)
 .debug_str     0x000000000000382c      0x544 /usr/lib/gcc/arm-none-eabi/10.3.1/thumb/v7e-m+fp/hard/libgcc.a(_udivmoddi4.o)
                                        0x647 (size before relaxing)
 .debug_str     0x0000000000003d70       0x30 /usr/lib/gcc/arm-none-eabi/10.3.1/thumb/v7e-m+fp/hard/libgcc.a(_dvmd_tls.o)
                                         0xaa (size before relaxing)

.debug_frame    0x0000000000000000     0x1a3c
 .debug_frame   0x0000000000000000       0x7c build/main.o
 .debug_frame   0x000000000000007c       0xc0 build/stm32f4xx_it.o
 .debug_frame   0x000000000000013c       0x28 build/stm32f4xx_hal_msp.o
 .debug_frame   0x0000000000000164       0x84 build/keymatrix.o
 .debug_frame   0x00000000000001e8      0x16c build/stm32f4xx_hal_rcc.o
 .debug_frame   0x0000000000000354       0xd8 build/stm32f4xx_hal_gpio.o
 .debug_frame   0x000000000000042c      0x158 build/stm32f4xx_hal_cortex.o
 .debug_frame   0x0000000000000584      0x1ec build/stm32f4xx_hal.o
 .debug_frame   0x0000000000000770       0x30 build/system_stm32f4xx.o
 .debug_frame   0x00000000000007a0       0x28 build/usb_device.o
 .debug_frame   0x00000000000007c8       0xe0 build/usbd_desc.o
 .debug_frame   0x00000000000008a8      0x2e4 build/usbd_conf.o
 .debug_frame   0x0000000000000b8c      0x388 build/stm32f4xx_hal_pcd.o
 .debug_frame   0x0000000000000f14       0x5c build/stm32f4xx_hal_pcd_ex.o
 .debug_frame   0x0000000000000f70      0x4a4 build/stm32f4xx_ll_usb.o
 .debug_frame   0x0000000000001414      0x240 build/usbd_core.o
 .debug_frame   0x0000000000001654      0x180 build/usbd_ctlreq.o
 .debug_frame   0x00000000000017d4       0xb8 build/usbd_ioreq.o
 .debug_frame   0x000000000000188c       0xf8 build/usbd_hid.o
 .debug_frame   0x0000000000001984       0x2c /usr/lib/gcc/arm-none-eabi/10.3.1/../../../arm-none-eabi/lib/thumb/v7e-m+fp/hard/libc_nano.a(lib_a-init.o)
 .debug_frame   0x00000000000019b0       0x2c /usr/lib/gcc/arm-none-eabi/10.3.1/../../../arm-none-eabi/lib/thumb/v7e-m+fp/hard/libc_nano.a(lib_a-memset.o)
 .debug_frame   0x00000000000019dc       0x2c /usr/lib/gcc/arm-none-eabi/10.3.1/thumb/v7e-m+fp/hard/libgcc.a(_aeabi_uldivmod.o)
 .debug_frame   0x0000000000001a08       0x34 /usr/lib/gcc/arm-none-eabi/10.3.1/thumb/v7e-m+fp/hard/libgcc.a(_udivmoddi4.o)

Cross Reference Table

Symbol                                            File
ADC_IRQHandler                                    build/startup_stm32f411xe.o
AHBPrescTable                                     build/system_stm32f4xx.o
                                                  build/stm32f4xx_hal_rcc.o
APBPrescTable                                     build/system_stm32f4xx.o
                                                  build/stm32f4xx_hal_rcc.o
BusFault_Handler                                  build/stm32f4xx_it.o
DMA1_Stream0_IRQHandler                           build/startup_stm32f411xe.o
DMA1_Stream1_IRQHandler                           build/startup_stm32f411xe.o
DMA1_Stream2_IRQHandler                           build/startup_stm32f411xe.o
DMA1_Stream3_IRQHandler                           build/startup_stm32f411xe.o
DMA1_Stream4_IRQHandler                           build/startup_stm32f411xe.o
DMA1_Stream5_IRQHandler                           build/startup_stm32f411xe.o
DMA1_Stream6_IRQHandler                           build/startup_stm32f411xe.o
DMA1_Stream7_IRQHandler                           build/startup_stm32f411xe.o
DMA2_Stream0_IRQHandler                           build/startup_stm32f411xe.o
DMA2_Stream1_IRQHandler                           build/startup_stm32f411xe.o
DMA2_Stream2_IRQHandler                           build/startup_stm32f411xe.o
DMA2_Stream3_IRQHandler                           build/startup_stm32f411xe.o
DMA2_Stream4_IRQHandler                           build/startup_stm32f411xe.o
DMA2_Stream5_IRQHandler                           build/startup_stm32f411xe.o
DMA2_Stream6_IRQHandler                           build/startup_stm32f411xe.o
DMA2_Stream7_IRQHandler                           build/startup_stm32f411xe.o
DebugMon_Handler                                  build/stm32f4xx_it.o
Default_Handler                                   build/startup_stm32f411xe.o
EXTI0_IRQHandler                                  build/startup_stm32f411xe.o
EXTI15_10_IRQHandler                              build/startup_stm32f411xe.o
EXTI1_IRQHandler                                  build/startup_stm32f411xe.o
EXTI2_IRQHandler                                  build/startup_stm32f411xe.o
EXTI3_IRQHandler                                  build/startup_stm32f411xe.o
EXTI4_IRQHandler                                  build/startup_stm32f411xe.o
EXTI9_5_IRQHandler                                build/startup_stm32f411xe.o
Error_Handler                                     build/main.o
                                                  build/usbd_conf.o
                                                  build/usb_device.o
FLASH_Erase_Sector                                build/stm32f4xx_hal_flash_ex.o
                                                  build/stm32f4xx_hal_flash.o
FLASH_FlushCaches                                 build/stm32f4xx_hal_flash_ex.o
                                                  build/stm32f4xx_hal_flash.o
FLASH_IRQHandler                                  build/startup_stm32f411xe.o
FLASH_WaitForLastOperation                        build/stm32f4xx_hal_flash.o
                                                  build/stm32f4xx_hal_flash_ex.o
FPU_IRQHandler                                    build/startup_stm32f411xe.o
FS_Desc                                           build/usbd_desc.o
                                                  build/usb_device.o
HAL_CORTEX_ClearEvent                             build/stm32f4xx_hal_cortex.o
HAL_DBGMCU_DisableDBGSleepMode                    build/stm32f4xx_hal.o
HAL_DBGMCU_DisableDBGStandbyMode                  build/stm32f4xx_hal.o
HAL_DBGMCU_DisableDBGStopMode                     build/stm32f4xx_hal.o
HAL_DBGMCU_EnableDBGSleepMode                     build/stm32f4xx_hal.o
HAL_DBGMCU_EnableDBGStandbyMode                   build/stm32f4xx_hal.o
HAL_DBGMCU_EnableDBGStopMode                      build/stm32f4xx_hal.o
HAL_DMAEx_ChangeMemory                            build/stm32f4xx_hal_dma_ex.o
HAL_DMAEx_MultiBufferStart                        build/stm32f4xx_hal_dma_ex.o
HAL_DMAEx_MultiBufferStart_IT                     build/stm32f4xx_hal_dma_ex.o
HAL_DMA_Abort                                     build/stm32f4xx_hal_dma.o
HAL_DMA_Abort_IT                                  build/stm32f4xx_hal_dma.o
HAL_DMA_DeInit                                    build/stm32f4xx_hal_dma.o
HAL_DMA_GetError                                  build/stm32f4xx_hal_dma.o
HAL_DMA_GetState                                  build/stm32f4xx_hal_dma.o
HAL_DMA_IRQHandler                                build/stm32f4xx_hal_dma.o
HAL_DMA_Init                                      build/stm32f4xx_hal_dma.o
HAL_DMA_PollForTransfer                           build/stm32f4xx_hal_dma.o
HAL_DMA_RegisterCallback                          build/stm32f4xx_hal_dma.o
HAL_DMA_Start                                     build/stm32f4xx_hal_dma.o
HAL_DMA_Start_IT                                  build/stm32f4xx_hal_dma.o
HAL_DMA_UnRegisterCallback                        build/stm32f4xx_hal_dma.o
HAL_DeInit                                        build/stm32f4xx_hal.o
HAL_Delay                                         build/stm32f4xx_hal.o
                                                  build/stm32f4xx_ll_usb.o
                                                  build/usbd_conf.o
                                                  build/keymatrix.o
                                                  build/main.o
HAL_DisableCompensationCell                       build/stm32f4xx_hal.o
HAL_EXTI_ClearConfigLine                          build/stm32f4xx_hal_exti.o
HAL_EXTI_ClearPending                             build/stm32f4xx_hal_exti.o
HAL_EXTI_GenerateSWI                              build/stm32f4xx_hal_exti.o
HAL_EXTI_GetConfigLine                            build/stm32f4xx_hal_exti.o
HAL_EXTI_GetHandle                                build/stm32f4xx_hal_exti.o
HAL_EXTI_GetPending                               build/stm32f4xx_hal_exti.o
HAL_EXTI_IRQHandler                               build/stm32f4xx_hal_exti.o
HAL_EXTI_RegisterCallback                         build/stm32f4xx_hal_exti.o
HAL_EXTI_SetConfigLine                            build/stm32f4xx_hal_exti.o
HAL_EnableCompensationCell                        build/stm32f4xx_hal.o
HAL_FLASHEx_AdvOBGetConfig                        build/stm32f4xx_hal_flash_ex.o
HAL_FLASHEx_AdvOBProgram                          build/stm32f4xx_hal_flash_ex.o
HAL_FLASHEx_DisableFlashSleepMode                 build/stm32f4xx_hal_flash_ramfunc.o
HAL_FLASHEx_EnableFlashSleepMode                  build/stm32f4xx_hal_flash_ramfunc.o
HAL_FLASHEx_Erase                                 build/stm32f4xx_hal_flash_ex.o
HAL_FLASHEx_Erase_IT                              build/stm32f4xx_hal_flash_ex.o
HAL_FLASHEx_OBGetConfig                           build/stm32f4xx_hal_flash_ex.o
HAL_FLASHEx_OBProgram                             build/stm32f4xx_hal_flash_ex.o
HAL_FLASHEx_OB_DeSelectPCROP                      build/stm32f4xx_hal_flash_ex.o
HAL_FLASHEx_OB_SelectPCROP                        build/stm32f4xx_hal_flash_ex.o
HAL_FLASHEx_StartFlashInterfaceClk                build/stm32f4xx_hal_flash_ramfunc.o
HAL_FLASHEx_StopFlashInterfaceClk                 build/stm32f4xx_hal_flash_ramfunc.o
HAL_FLASH_EndOfOperationCallback                  build/stm32f4xx_hal_flash.o
HAL_FLASH_GetError                                build/stm32f4xx_hal_flash.o
HAL_FLASH_IRQHandler                              build/stm32f4xx_hal_flash.o
HAL_FLASH_Lock                                    build/stm32f4xx_hal_flash.o
HAL_FLASH_OB_Launch                               build/stm32f4xx_hal_flash.o
HAL_FLASH_OB_Lock                                 build/stm32f4xx_hal_flash.o
HAL_FLASH_OB_Unlock                               build/stm32f4xx_hal_flash.o
HAL_FLASH_OperationErrorCallback                  build/stm32f4xx_hal_flash.o
HAL_FLASH_Program                                 build/stm32f4xx_hal_flash.o
HAL_FLASH_Program_IT                              build/stm32f4xx_hal_flash.o
HAL_FLASH_Unlock                                  build/stm32f4xx_hal_flash.o
HAL_GPIO_DeInit                                   build/stm32f4xx_hal_gpio.o
                                                  build/usbd_conf.o
HAL_GPIO_EXTI_Callback                            build/stm32f4xx_hal_gpio.o
HAL_GPIO_EXTI_IRQHandler                          build/stm32f4xx_hal_gpio.o
HAL_GPIO_Init                                     build/stm32f4xx_hal_gpio.o
                                                  build/usbd_conf.o
                                                  build/stm32f4xx_hal_rcc.o
                                                  build/main.o
HAL_GPIO_LockPin                                  build/stm32f4xx_hal_gpio.o
HAL_GPIO_ReadPin                                  build/stm32f4xx_hal_gpio.o
                                                  build/keymatrix.o
HAL_GPIO_TogglePin                                build/stm32f4xx_hal_gpio.o
HAL_GPIO_WritePin                                 build/stm32f4xx_hal_gpio.o
                                                  build/keymatrix.o
                                                  build/main.o
HAL_GetDEVID                                      build/stm32f4xx_hal.o
HAL_GetHalVersion                                 build/stm32f4xx_hal.o
HAL_GetREVID                                      build/stm32f4xx_hal.o
HAL_GetTick                                       build/stm32f4xx_hal.o
                                                  build/stm32f4xx_hal_pwr_ex.o
                                                  build/stm32f4xx_hal_dma.o
                                                  build/stm32f4xx_hal_flash.o
                                                  build/stm32f4xx_hal_rcc_ex.o
                                                  build/stm32f4xx_hal_rcc.o
HAL_GetTickFreq                                   build/stm32f4xx_hal.o
HAL_GetTickPrio                                   build/stm32f4xx_hal.o
HAL_GetUIDw0                                      build/stm32f4xx_hal.o
HAL_GetUIDw1                                      build/stm32f4xx_hal.o
HAL_GetUIDw2                                      build/stm32f4xx_hal.o
HAL_IncTick                                       build/stm32f4xx_hal.o
                                                  build/stm32f4xx_it.o
HAL_Init                                          build/stm32f4xx_hal.o
                                                  build/main.o
HAL_InitTick                                      build/stm32f4xx_hal.o
                                                  build/stm32f4xx_hal_rcc_ex.o
                                                  build/stm32f4xx_hal_rcc.o
HAL_MPU_ConfigRegion                              build/stm32f4xx_hal_cortex.o
HAL_MPU_Disable                                   build/stm32f4xx_hal_cortex.o
HAL_MPU_Enable                                    build/stm32f4xx_hal_cortex.o
HAL_MspDeInit                                     build/stm32f4xx_hal.o
HAL_MspInit                                       build/stm32f4xx_hal_msp.o
HAL_NVIC_ClearPendingIRQ                          build/stm32f4xx_hal_cortex.o
HAL_NVIC_DisableIRQ                               build/stm32f4xx_hal_cortex.o
                                                  build/usbd_conf.o
HAL_NVIC_EnableIRQ                                build/stm32f4xx_hal_cortex.o
                                                  build/usbd_conf.o
HAL_NVIC_GetActive                                build/stm32f4xx_hal_cortex.o
HAL_NVIC_GetPendingIRQ                            build/stm32f4xx_hal_cortex.o
HAL_NVIC_GetPriority                              build/stm32f4xx_hal_cortex.o
HAL_NVIC_GetPriorityGrouping                      build/stm32f4xx_hal_cortex.o
HAL_NVIC_SetPendingIRQ                            build/stm32f4xx_hal_cortex.o
HAL_NVIC_SetPriority                              build/stm32f4xx_hal_cortex.o
                                                  build/usbd_conf.o
                                                  build/stm32f4xx_hal.o
HAL_NVIC_SetPriorityGrouping                      build/stm32f4xx_hal_cortex.o
                                                  build/stm32f4xx_hal.o
HAL_NVIC_SystemReset                              build/stm32f4xx_hal_cortex.o
HAL_PCDEx_BCD_Callback                            build/stm32f4xx_hal_pcd_ex.o
HAL_PCDEx_LPM_Callback                            build/stm32f4xx_hal_pcd_ex.o
                                                  build/stm32f4xx_hal_pcd.o
HAL_PCDEx_SetRxFiFo                               build/stm32f4xx_hal_pcd_ex.o
                                                  build/usbd_conf.o
HAL_PCDEx_SetTxFiFo                               build/stm32f4xx_hal_pcd_ex.o
                                                  build/usbd_conf.o
HAL_PCD_ActivateRemoteWakeup                      build/stm32f4xx_hal_pcd.o
HAL_PCD_ConnectCallback                           build/usbd_conf.o
HAL_PCD_DataInStageCallback                       build/usbd_conf.o
HAL_PCD_DataOutStageCallback                      build/usbd_conf.o
HAL_PCD_DeActivateRemoteWakeup                    build/stm32f4xx_hal_pcd.o
HAL_PCD_DeInit                                    build/stm32f4xx_hal_pcd.o
                                                  build/usbd_conf.o
HAL_PCD_DevConnect                                build/stm32f4xx_hal_pcd.o
HAL_PCD_DevDisconnect                             build/stm32f4xx_hal_pcd.o
HAL_PCD_DisconnectCallback                        build/usbd_conf.o
HAL_PCD_EP_Abort                                  build/stm32f4xx_hal_pcd.o
HAL_PCD_EP_Close                                  build/stm32f4xx_hal_pcd.o
                                                  build/usbd_conf.o
HAL_PCD_EP_ClrStall                               build/stm32f4xx_hal_pcd.o
                                                  build/usbd_conf.o
HAL_PCD_EP_Flush                                  build/stm32f4xx_hal_pcd.o
                                                  build/usbd_conf.o
HAL_PCD_EP_GetRxCount                             build/stm32f4xx_hal_pcd.o
                                                  build/usbd_conf.o
HAL_PCD_EP_Open                                   build/stm32f4xx_hal_pcd.o
                                                  build/usbd_conf.o
HAL_PCD_EP_Receive                                build/stm32f4xx_hal_pcd.o
                                                  build/usbd_conf.o
HAL_PCD_EP_SetStall                               build/stm32f4xx_hal_pcd.o
                                                  build/usbd_conf.o
HAL_PCD_EP_Transmit                               build/stm32f4xx_hal_pcd.o
                                                  build/usbd_conf.o
HAL_PCD_GetState                                  build/stm32f4xx_hal_pcd.o
HAL_PCD_IRQHandler                                build/stm32f4xx_hal_pcd.o
                                                  build/stm32f4xx_it.o
HAL_PCD_ISOINIncompleteCallback                   build/usbd_conf.o
HAL_PCD_ISOOUTIncompleteCallback                  build/usbd_conf.o
HAL_PCD_Init                                      build/stm32f4xx_hal_pcd.o
                                                  build/usbd_conf.o
HAL_PCD_MspDeInit                                 build/usbd_conf.o
HAL_PCD_MspInit                                   build/usbd_conf.o
HAL_PCD_ResetCallback                             build/usbd_conf.o
HAL_PCD_ResumeCallback                            build/usbd_conf.o
HAL_PCD_SOFCallback                               build/usbd_conf.o
HAL_PCD_SetAddress                                build/stm32f4xx_hal_pcd.o
                                                  build/usbd_conf.o
HAL_PCD_SetTestMode                               build/stm32f4xx_hal_pcd.o
HAL_PCD_SetupStageCallback                        build/usbd_conf.o
HAL_PCD_Start                                     build/stm32f4xx_hal_pcd.o
                                                  build/usbd_conf.o
HAL_PCD_Stop                                      build/stm32f4xx_hal_pcd.o
                                                  build/usbd_conf.o
HAL_PCD_SuspendCallback                           build/usbd_conf.o
HAL_PCD_WKUP_IRQHandler                           build/stm32f4xx_hal_pcd.o
HAL_PWREx_ControlVoltageScaling                   build/stm32f4xx_hal_pwr_ex.o
HAL_PWREx_DisableBkUpReg                          build/stm32f4xx_hal_pwr_ex.o
HAL_PWREx_DisableFlashPowerDown                   build/stm32f4xx_hal_pwr_ex.o
HAL_PWREx_DisableLowRegulatorLowVoltage           build/stm32f4xx_hal_pwr_ex.o
HAL_PWREx_DisableMainRegulatorLowVoltage          build/stm32f4xx_hal_pwr_ex.o
HAL_PWREx_EnableBkUpReg                           build/stm32f4xx_hal_pwr_ex.o
HAL_PWREx_EnableFlashPowerDown                    build/stm32f4xx_hal_pwr_ex.o
HAL_PWREx_EnableLowRegulatorLowVoltage            build/stm32f4xx_hal_pwr_ex.o
HAL_PWREx_EnableMainRegulatorLowVoltage           build/stm32f4xx_hal_pwr_ex.o
HAL_PWREx_GetVoltageRange                         build/stm32f4xx_hal_pwr_ex.o
HAL_PWR_ConfigPVD                                 build/stm32f4xx_hal_pwr.o
HAL_PWR_DeInit                                    build/stm32f4xx_hal_pwr.o
HAL_PWR_DisableBkUpAccess                         build/stm32f4xx_hal_pwr.o
HAL_PWR_DisablePVD                                build/stm32f4xx_hal_pwr.o
HAL_PWR_DisableSEVOnPend                          build/stm32f4xx_hal_pwr.o
HAL_PWR_DisableSleepOnExit                        build/stm32f4xx_hal_pwr.o
HAL_PWR_DisableWakeUpPin                          build/stm32f4xx_hal_pwr.o
HAL_PWR_EnableBkUpAccess                          build/stm32f4xx_hal_pwr.o
HAL_PWR_EnablePVD                                 build/stm32f4xx_hal_pwr.o
HAL_PWR_EnableSEVOnPend                           build/stm32f4xx_hal_pwr.o
HAL_PWR_EnableSleepOnExit                         build/stm32f4xx_hal_pwr.o
HAL_PWR_EnableWakeUpPin                           build/stm32f4xx_hal_pwr.o
HAL_PWR_EnterSLEEPMode                            build/stm32f4xx_hal_pwr.o
HAL_PWR_EnterSTANDBYMode                          build/stm32f4xx_hal_pwr.o
HAL_PWR_EnterSTOPMode                             build/stm32f4xx_hal_pwr.o
HAL_PWR_PVDCallback                               build/stm32f4xx_hal_pwr.o
HAL_PWR_PVD_IRQHandler                            build/stm32f4xx_hal_pwr.o
HAL_RCCEx_DisablePLLI2S                           build/stm32f4xx_hal_rcc_ex.o
HAL_RCCEx_EnablePLLI2S                            build/stm32f4xx_hal_rcc_ex.o
HAL_RCCEx_GetPeriphCLKConfig                      build/stm32f4xx_hal_rcc_ex.o
HAL_RCCEx_GetPeriphCLKFreq                        build/stm32f4xx_hal_rcc_ex.o
HAL_RCCEx_PeriphCLKConfig                         build/stm32f4xx_hal_rcc_ex.o
HAL_RCCEx_SelectLSEMode                           build/stm32f4xx_hal_rcc_ex.o
HAL_RCC_CSSCallback                               build/stm32f4xx_hal_rcc.o
HAL_RCC_ClockConfig                               build/stm32f4xx_hal_rcc.o
                                                  build/main.o
HAL_RCC_DeInit                                    build/stm32f4xx_hal_rcc_ex.o
                                                  build/stm32f4xx_hal_rcc.o
HAL_RCC_DisableCSS                                build/stm32f4xx_hal_rcc.o
HAL_RCC_EnableCSS                                 build/stm32f4xx_hal_rcc.o
HAL_RCC_GetClockConfig                            build/stm32f4xx_hal_rcc.o
HAL_RCC_GetHCLKFreq                               build/stm32f4xx_hal_rcc.o
                                                  build/stm32f4xx_hal_pcd.o
HAL_RCC_GetOscConfig                              build/stm32f4xx_hal_rcc.o
HAL_RCC_GetPCLK1Freq                              build/stm32f4xx_hal_rcc.o
HAL_RCC_GetPCLK2Freq                              build/stm32f4xx_hal_rcc.o
HAL_RCC_GetSysClockFreq                           build/stm32f4xx_hal_rcc.o
HAL_RCC_MCOConfig                                 build/stm32f4xx_hal_rcc.o
HAL_RCC_NMI_IRQHandler                            build/stm32f4xx_hal_rcc.o
HAL_RCC_OscConfig                                 build/stm32f4xx_hal_rcc.o
                                                  build/main.o
HAL_ResumeTick                                    build/stm32f4xx_hal.o
HAL_SYSTICK_CLKSourceConfig                       build/stm32f4xx_hal_cortex.o
HAL_SYSTICK_Callback                              build/stm32f4xx_hal_cortex.o
HAL_SYSTICK_Config                                build/stm32f4xx_hal_cortex.o
                                                  build/stm32f4xx_hal.o
HAL_SYSTICK_IRQHandler                            build/stm32f4xx_hal_cortex.o
HAL_SetTickFreq                                   build/stm32f4xx_hal.o
HAL_SuspendTick                                   build/stm32f4xx_hal.o
HardFault_Handler                                 build/stm32f4xx_it.o
I2C1_ER_IRQHandler                                build/startup_stm32f411xe.o
I2C1_EV_IRQHandler                                build/startup_stm32f411xe.o
I2C2_ER_IRQHandler                                build/startup_stm32f411xe.o
I2C2_EV_IRQHandler                                build/startup_stm32f411xe.o
I2C3_ER_IRQHandler                                build/startup_stm32f411xe.o
I2C3_EV_IRQHandler                                build/startup_stm32f411xe.o
MX_USB_DEVICE_Init                                build/usb_device.o
                                                  build/main.o
MemManage_Handler                                 build/stm32f4xx_it.o
NMI_Handler                                       build/stm32f4xx_it.o
OTG_FS_IRQHandler                                 build/stm32f4xx_it.o
OTG_FS_WKUP_IRQHandler                            build/startup_stm32f411xe.o
PVD_IRQHandler                                    build/startup_stm32f411xe.o
PendSV_Handler                                    build/stm32f4xx_it.o
RCC_IRQHandler                                    build/startup_stm32f411xe.o
RTC_Alarm_IRQHandler                              build/startup_stm32f411xe.o
RTC_WKUP_IRQHandler                               build/startup_stm32f411xe.o
Reset_Handler                                     build/startup_stm32f411xe.o
SDIO_IRQHandler                                   build/startup_stm32f411xe.o
SPI1_IRQHandler                                   build/startup_stm32f411xe.o
SPI2_IRQHandler                                   build/startup_stm32f411xe.o
SPI3_IRQHandler                                   build/startup_stm32f411xe.o
SPI4_IRQHandler                                   build/startup_stm32f411xe.o
SPI5_IRQHandler                                   build/startup_stm32f411xe.o
SVC_Handler                                       build/stm32f4xx_it.o
SysTick_Handler                                   build/stm32f4xx_it.o
SystemClock_Config                                build/main.o
SystemCoreClock                                   build/system_stm32f4xx.o
                                                  build/stm32f4xx_hal.o
                                                  build/stm32f4xx_hal_dma.o
                                                  build/stm32f4xx_hal_rcc_ex.o
                                                  build/stm32f4xx_hal_rcc.o
SystemCoreClockUpdate                             build/system_stm32f4xx.o
SystemInit                                        build/system_stm32f4xx.o
                                                  build/startup_stm32f411xe.o
TAMP_STAMP_IRQHandler                             build/startup_stm32f411xe.o
TIM1_BRK_TIM9_IRQHandler                          build/startup_stm32f411xe.o
TIM1_CC_IRQHandler                                build/startup_stm32f411xe.o
TIM1_TRG_COM_TIM11_IRQHandler                     build/startup_stm32f411xe.o
TIM1_UP_TIM10_IRQHandler                          build/startup_stm32f411xe.o
TIM2_IRQHandler                                   build/startup_stm32f411xe.o
TIM3_IRQHandler                                   build/startup_stm32f411xe.o
TIM4_IRQHandler                                   build/startup_stm32f411xe.o
TIM5_IRQHandler                                   build/startup_stm32f411xe.o
USART1_IRQHandler                                 build/startup_stm32f411xe.o
USART2_IRQHandler                                 build/startup_stm32f411xe.o
USART6_IRQHandler                                 build/startup_stm32f411xe.o
USBD_ClrClassConfig                               build/usbd_core.o
                                                  build/usbd_ctlreq.o
USBD_CoreFindEP                                   build/usbd_core.o
                                                  build/usbd_ctlreq.o
USBD_CoreFindIF                                   build/usbd_core.o
                                                  build/usbd_ctlreq.o
USBD_CtlContinueRx                                build/usbd_ioreq.o
                                                  build/usbd_core.o
USBD_CtlContinueSendData                          build/usbd_ioreq.o
                                                  build/usbd_core.o
USBD_CtlError                                     build/usbd_ctlreq.o
                                                  build/usbd_hid.o
USBD_CtlPrepareRx                                 build/usbd_ioreq.o
USBD_CtlReceiveStatus                             build/usbd_ioreq.o
                                                  build/usbd_core.o
USBD_CtlSendData                                  build/usbd_ioreq.o
                                                  build/usbd_hid.o
                                                  build/usbd_ctlreq.o
USBD_CtlSendStatus                                build/usbd_ioreq.o
                                                  build/usbd_ctlreq.o
                                                  build/usbd_core.o
USBD_DeInit                                       build/usbd_core.o
USBD_FS_ConfigStrDescriptor                       build/usbd_desc.o
USBD_FS_DeviceDesc                                build/usbd_desc.o
USBD_FS_DeviceDescriptor                          build/usbd_desc.o
USBD_FS_InterfaceStrDescriptor                    build/usbd_desc.o
USBD_FS_LangIDStrDescriptor                       build/usbd_desc.o
USBD_FS_ManufacturerStrDescriptor                 build/usbd_desc.o
USBD_FS_ProductStrDescriptor                      build/usbd_desc.o
USBD_FS_SerialStrDescriptor                       build/usbd_desc.o
USBD_GetEpDesc                                    build/usbd_core.o
                                                  build/usbd_hid.o
USBD_GetNextDesc                                  build/usbd_core.o
USBD_GetRxCount                                   build/usbd_ioreq.o
USBD_GetString                                    build/usbd_ctlreq.o
                                                  build/usbd_desc.o
USBD_Get_USB_Status                               build/usbd_conf.o
USBD_HID                                          build/usbd_hid.o
                                                  build/usb_device.o
USBD_HID_GetPollingInterval                       build/usbd_hid.o
USBD_HID_SendReport                               build/usbd_hid.o
                                                  build/keymatrix.o
USBD_Init                                         build/usbd_core.o
                                                  build/usb_device.o
USBD_LL_ClearStallEP                              build/usbd_conf.o
                                                  build/usbd_ctlreq.o
USBD_LL_CloseEP                                   build/usbd_conf.o
                                                  build/usbd_hid.o
USBD_LL_DataInStage                               build/usbd_core.o
                                                  build/usbd_conf.o
USBD_LL_DataOutStage                              build/usbd_core.o
                                                  build/usbd_conf.o
USBD_LL_DeInit                                    build/usbd_conf.o
                                                  build/usbd_core.o
USBD_LL_Delay                                     build/usbd_conf.o